Archive member included to satisfy reference by file (symbol)

d:/program files (x86)/atmel/7.0/toolchain/avr8/avr8-gnu-toolchain/bin/../lib/gcc/avr/5.4.0/../../../../avr/lib/avrxmega7\libm.a(divsf3.o)
                              src/BNO055Driver.o (__divsf3)
d:/program files (x86)/atmel/7.0/toolchain/avr8/avr8-gnu-toolchain/bin/../lib/gcc/avr/5.4.0/../../../../avr/lib/avrxmega7\libm.a(divsf3x.o)
                              d:/program files (x86)/atmel/7.0/toolchain/avr8/avr8-gnu-toolchain/bin/../lib/gcc/avr/5.4.0/../../../../avr/lib/avrxmega7\libm.a(divsf3.o) (__divsf3x)
d:/program files (x86)/atmel/7.0/toolchain/avr8/avr8-gnu-toolchain/bin/../lib/gcc/avr/5.4.0/../../../../avr/lib/avrxmega7\libm.a(fixsfdi.o)
                              src/BNO055Driver.o (__fixunssfdi)
d:/program files (x86)/atmel/7.0/toolchain/avr8/avr8-gnu-toolchain/bin/../lib/gcc/avr/5.4.0/../../../../avr/lib/avrxmega7\libm.a(floatundisf.o)
                              src/BNO055Driver.o (__floatundisf)
d:/program files (x86)/atmel/7.0/toolchain/avr8/avr8-gnu-toolchain/bin/../lib/gcc/avr/5.4.0/../../../../avr/lib/avrxmega7\libm.a(fp_inf.o)
                              d:/program files (x86)/atmel/7.0/toolchain/avr8/avr8-gnu-toolchain/bin/../lib/gcc/avr/5.4.0/../../../../avr/lib/avrxmega7\libm.a(divsf3x.o) (__fp_inf)
d:/program files (x86)/atmel/7.0/toolchain/avr8/avr8-gnu-toolchain/bin/../lib/gcc/avr/5.4.0/../../../../avr/lib/avrxmega7\libm.a(fp_nan.o)
                              d:/program files (x86)/atmel/7.0/toolchain/avr8/avr8-gnu-toolchain/bin/../lib/gcc/avr/5.4.0/../../../../avr/lib/avrxmega7\libm.a(divsf3x.o) (__fp_nan)
d:/program files (x86)/atmel/7.0/toolchain/avr8/avr8-gnu-toolchain/bin/../lib/gcc/avr/5.4.0/../../../../avr/lib/avrxmega7\libm.a(fp_negdi.o)
                              d:/program files (x86)/atmel/7.0/toolchain/avr8/avr8-gnu-toolchain/bin/../lib/gcc/avr/5.4.0/../../../../avr/lib/avrxmega7\libm.a(fixsfdi.o) (__fp_negdi)
d:/program files (x86)/atmel/7.0/toolchain/avr8/avr8-gnu-toolchain/bin/../lib/gcc/avr/5.4.0/../../../../avr/lib/avrxmega7\libm.a(fp_pscA.o)
                              d:/program files (x86)/atmel/7.0/toolchain/avr8/avr8-gnu-toolchain/bin/../lib/gcc/avr/5.4.0/../../../../avr/lib/avrxmega7\libm.a(divsf3x.o) (__fp_pscA)
d:/program files (x86)/atmel/7.0/toolchain/avr8/avr8-gnu-toolchain/bin/../lib/gcc/avr/5.4.0/../../../../avr/lib/avrxmega7\libm.a(fp_pscB.o)
                              d:/program files (x86)/atmel/7.0/toolchain/avr8/avr8-gnu-toolchain/bin/../lib/gcc/avr/5.4.0/../../../../avr/lib/avrxmega7\libm.a(divsf3x.o) (__fp_pscB)
d:/program files (x86)/atmel/7.0/toolchain/avr8/avr8-gnu-toolchain/bin/../lib/gcc/avr/5.4.0/../../../../avr/lib/avrxmega7\libm.a(fp_round.o)
                              d:/program files (x86)/atmel/7.0/toolchain/avr8/avr8-gnu-toolchain/bin/../lib/gcc/avr/5.4.0/../../../../avr/lib/avrxmega7\libm.a(divsf3.o) (__fp_round)
d:/program files (x86)/atmel/7.0/toolchain/avr8/avr8-gnu-toolchain/bin/../lib/gcc/avr/5.4.0/../../../../avr/lib/avrxmega7\libm.a(fp_split3.o)
                              d:/program files (x86)/atmel/7.0/toolchain/avr8/avr8-gnu-toolchain/bin/../lib/gcc/avr/5.4.0/../../../../avr/lib/avrxmega7\libm.a(divsf3x.o) (__fp_split3)
d:/program files (x86)/atmel/7.0/toolchain/avr8/avr8-gnu-toolchain/bin/../lib/gcc/avr/5.4.0/../../../../avr/lib/avrxmega7\libm.a(fp_zero.o)
                              d:/program files (x86)/atmel/7.0/toolchain/avr8/avr8-gnu-toolchain/bin/../lib/gcc/avr/5.4.0/../../../../avr/lib/avrxmega7\libm.a(divsf3x.o) (__fp_szero)
d:/program files (x86)/atmel/7.0/toolchain/avr8/avr8-gnu-toolchain/bin/../lib/gcc/avr/5.4.0/avrxmega7\libgcc.a(_udivmodhi4.o)
                              src/RingBuffer.o (__udivmodhi4)
d:/program files (x86)/atmel/7.0/toolchain/avr8/avr8-gnu-toolchain/bin/../lib/gcc/avr/5.4.0/avrxmega7\libgcc.a(_divmodhi4.o)
                              src/RingBuff.o (__divmodhi4)
d:/program files (x86)/atmel/7.0/toolchain/avr8/avr8-gnu-toolchain/bin/../lib/gcc/avr/5.4.0/avrxmega7\libgcc.a(_udivmodsi4.o)
                              src/ASF/xmega/drivers/spi/spi.o (__udivmodsi4)
d:/program files (x86)/atmel/7.0/toolchain/avr8/avr8-gnu-toolchain/bin/../lib/gcc/avr/5.4.0/avrxmega7\libgcc.a(_exit.o)
                              D:/Program Files (x86)/Atmel/7.0/Packs/atmel/XMEGAA_DFP/1.1.68/gcc/dev/atxmega128a1u/avrxmega7/crtatxmega128a1u.o (exit)
d:/program files (x86)/atmel/7.0/toolchain/avr8/avr8-gnu-toolchain/bin/../lib/gcc/avr/5.4.0/avrxmega7\libgcc.a(_copy_data.o)
                              src/RingBuffer.o (__do_copy_data)
d:/program files (x86)/atmel/7.0/toolchain/avr8/avr8-gnu-toolchain/bin/../lib/gcc/avr/5.4.0/avrxmega7\libgcc.a(_clear_bss.o)
                              src/drivers/Xbee.o (__do_clear_bss)
d:/program files (x86)/atmel/7.0/toolchain/avr8/avr8-gnu-toolchain/bin/../lib/gcc/avr/5.4.0/avrxmega7\libgcc.a(_udivdi3.o)
                              src/BNO055Driver.o (__udivdi3)
[...]
Memory Configuration

Name             Origin             Length             Attributes
text             0x00000000         0x00100000         xr
data             0x00802000         0x0000ffa0         rw !x
eeprom           0x00810000         0x00010000         rw !x
fuse             0x00820000         0x00000006         rw !x
lock             0x00830000         0x00000400         rw !x
signature        0x00840000         0x00000400         rw !x
user_signatures  0x00850000         0x00000400         rw !x
*default*        0x00000000         0xffffffff

Linker script and memory map

LOAD D:/Program Files (x86)/Atmel/7.0/Packs/atmel/XMEGAA_DFP/1.1.68/gcc/dev/atxmega128a1u/avrxmega7/crtatxmega128a1u.o
LOAD src/ASF/xmega/drivers/wdt/wdt.o
LOAD src/BNO055Driver.o
LOAD src/drivers/Xbee.o
LOAD src/RingBuffer.o
LOAD src/drivers/gps.o
LOAD src/drivers/OpenLog.o
LOAD src/ResetHandle.o
LOAD src/ASF/common/services/clock/xmega/sysclk.o
LOAD src/ASF/common/services/serial/usart_serial.o
LOAD src/ASF/common/services/sleepmgr/xmega/sleepmgr.o
LOAD src/ASF/common/utils/stdio/read.o
LOAD src/ASF/common/utils/stdio/write.o
LOAD src/ASF/xmega/drivers/cpu/ccp.o
LOAD src/ASF/xmega/drivers/nvm/nvm.o
LOAD src/ASF/xmega/drivers/nvm/nvm_asm.o
LOAD src/ASF/xmega/drivers/rtc/rtc.o
LOAD src/ASF/xmega/drivers/spi/spi.o
LOAD src/ASF/xmega/drivers/tc/tc.o
LOAD src/ASF/xmega/drivers/twi/twim.o
LOAD src/ASF/xmega/drivers/twi/twis.o
LOAD src/ASF/xmega/drivers/usart/usart.o
LOAD src/RingBuff.o
LOAD src/ASF/common/services/ioport/xmega/ioport_compat.o
LOAD src/ASF/xmega/boards/xmega_a1u_xplained_pro/board_init.o
LOAD src/drivers/I2CDriver.o
LOAD src/drivers/uart.o
LOAD src/main.o
START GROUP
LOAD d:/program files (x86)/atmel/7.0/toolchain/avr8/avr8-gnu-toolchain/bin/../lib/gcc/avr/5.4.0/../../../../avr/lib/avrxmega7\libm.a
END GROUP
Address of section .BOOT set to 0x20000
START GROUP
LOAD d:/program files (x86)/atmel/7.0/toolchain/avr8/avr8-gnu-toolchain/bin/../lib/gcc/avr/5.4.0/avrxmega7\libgcc.a
LOAD d:/program files (x86)/atmel/7.0/toolchain/avr8/avr8-gnu-toolchain/bin/../lib/gcc/avr/5.4.0/../../../../avr/lib/avrxmega7\libm.a
LOAD d:/program files (x86)/atmel/7.0/toolchain/avr8/avr8-gnu-toolchain/bin/../lib/gcc/avr/5.4.0/../../../../avr/lib/avrxmega7\libc.a
LOAD D:/Program Files (x86)/Atmel/7.0/Packs/atmel/XMEGAA_DFP/1.1.68/gcc/dev/atxmega128a1u/avrxmega7\libatxmega128a1u.a
END GROUP
                0x00100000                __TEXT_REGION_LENGTH__ = DEFINED (__TEXT_REGION_LENGTH__)?__TEXT_REGION_LENGTH__:0x100000
                0x0000ffa0                __DATA_REGION_LENGTH__ = DEFINED (__DATA_REGION_LENGTH__)?__DATA_REGION_LENGTH__:0xffa0
                0x00010000                __EEPROM_REGION_LENGTH__ = DEFINED (__EEPROM_REGION_LENGTH__)?__EEPROM_REGION_LENGTH__:0x10000
                [0x00000006]                __FUSE_REGION_LENGTH__ = DEFINED (__FUSE_REGION_LENGTH__)?__FUSE_REGION_LENGTH__:0x400
                0x00000400                __LOCK_REGION_LENGTH__ = DEFINED (__LOCK_REGION_LENGTH__)?__LOCK_REGION_LENGTH__:0x400
                0x00000400                __SIGNATURE_REGION_LENGTH__ = DEFINED (__SIGNATURE_REGION_LENGTH__)?__SIGNATURE_REGION_LENGTH__:0x400
                0x00000400                __USER_SIGNATURE_REGION_LENGTH__ = DEFINED (__USER_SIGNATURE_REGION_LENGTH__)?__USER_SIGNATURE_REGION_LENGTH__:0x400

.hash
 *(.hash)

.dynsym
 *(.dynsym)

.dynstr
 *(.dynstr)

.gnu.version
 *(.gnu.version)

.gnu.version_d
 *(.gnu.version_d)

.gnu.version_r
 *(.gnu.version_r)

.rel.init
 *(.rel.init)

.rela.init
 *(.rela.init)

.rel.text
 *(.rel.text)
 *(.rel.text.*)
 *(.rel.gnu.linkonce.t*)

.rela.text
 *(.rela.text)
 *(.rela.text.*)
 *(.rela.gnu.linkonce.t*)

.rel.fini
 *(.rel.fini)

.rela.fini
 *(.rela.fini)

.rel.rodata
 *(.rel.rodata)
 *(.rel.rodata.*)
 *(.rel.gnu.linkonce.r*)

.rela.rodata
 *(.rela.rodata)
 *(.rela.rodata.*)
 *(.rela.gnu.linkonce.r*)

.rel.data
 *(.rel.data)
 *(.rel.data.*)
 *(.rel.gnu.linkonce.d*)

.rela.data
 *(.rela.data)
 *(.rela.data.*)
 *(.rela.gnu.linkonce.d*)

.rel.ctors
 *(.rel.ctors)

.rela.ctors
 *(.rela.ctors)

.rel.dtors
 *(.rel.dtors)

.rela.dtors
 *(.rela.dtors)

.rel.got
 *(.rel.got)

.rela.got
 *(.rela.got)

.rel.bss
 *(.rel.bss)

.rela.bss
 *(.rela.bss)

.rel.plt
 *(.rel.plt)

.rela.plt
 *(.rela.plt)

.text           0x00000000     0x54c2
 *(.vectors)
 .vectors       0x00000000      0x1fc D:/Program Files (x86)/Atmel/7.0/Packs/atmel/XMEGAA_DFP/1.1.68/gcc/dev/atxmega128a1u/avrxmega7/crtatxmega128a1u.o
                0x00000000                __vector_default
                0x00000000                __vectors
 *(.vectors)
 *(.progmem.gcc*)
                0x000001fc                . = ALIGN (0x2)
                0x000001fc                __trampolines_start = .
 *(.trampolines)
 .trampolines   0x000001fc        0x0 linker stubs
 *(.trampolines*)
                0x000001fc                __trampolines_end = .
 *libprintf_flt.a:*(.progmem.data)
 *libc.a:*(.progmem.data)
 *(.progmem*)
                0x000001fc                . = ALIGN (0x2)
 *(.jumptables)
 *(.jumptables*)
 *(.lowtext)
 *(.lowtext*)
                0x000001fc                __ctors_start = .
 *(.ctors)
                0x000001fc                __ctors_end = .
                0x000001fc                __dtors_start = .
 *(.dtors)
                0x000001fc                __dtors_end = .
 SORT(*)(.ctors)
 SORT(*)(.dtors)
 *(.init0)
 .init0         0x000001fc        0x0 D:/Program Files (x86)/Atmel/7.0/Packs/atmel/XMEGAA_DFP/1.1.68/gcc/dev/atxmega128a1u/avrxmega7/crtatxmega128a1u.o
                0x000001fc                __init
 *(.init0)
 *(.init1)
 *(.init1)
 *(.init2)
 .init2         0x000001fc       0x18 D:/Program Files (x86)/Atmel/7.0/Packs/atmel/XMEGAA_DFP/1.1.68/gcc/dev/atxmega128a1u/avrxmega7/crtatxmega128a1u.o
 *(.init2)
 *(.init3)
 *(.init3)
 *(.init4)
 .init4         0x00000214       0x1c d:/program files (x86)/atmel/7.0/toolchain/avr8/avr8-gnu-toolchain/bin/../lib/gcc/avr/5.4.0/avrxmega7\libgcc.a(_copy_data.o)
                0x00000214                __do_copy_data
 .init4         0x00000230       0x10 d:/program files (x86)/atmel/7.0/toolchain/avr8/avr8-gnu-toolchain/bin/../lib/gcc/avr/5.4.0/avrxmega7\libgcc.a(_clear_bss.o)
                0x00000230                __do_clear_bss
 *(.init4)
 *(.init5)
 *(.init5)
 *(.init6)
 *(.init6)
 *(.init7)
 *(.init7)
 *(.init8)
 *(.init8)
 *(.init9)
 .init9         0x00000240        0x8 D:/Program Files (x86)/Atmel/7.0/Packs/atmel/XMEGAA_DFP/1.1.68/gcc/dev/atxmega128a1u/avrxmega7/crtatxmega128a1u.o
 *(.init9)
 *(.text)
 .text          0x00000248        0x2 D:/Program Files (x86)/Atmel/7.0/Packs/atmel/XMEGAA_DFP/1.1.68/gcc/dev/atxmega128a1u/avrxmega7/crtatxmega128a1u.o
                0x00000248                __vector_38
                0x00000248                __vector_104
                0x00000248                __vector_63
                0x00000248                __vector_28
                0x00000248                __vector_67
                0x00000248                __vector_1
                0x00000248                __vector_32
                0x00000248                __vector_75
                0x00000248                __vector_71
                0x00000248                __vector_91
                0x00000248                __vector_34
                0x00000248                __vector_62
                0x00000248                __vector_102
                0x00000248                __vector_24
                0x00000248                __vector_12
                0x00000248                __vector_69
                0x00000248                __vector_90
                0x00000248                __bad_interrupt
                0x00000248                __vector_122
                0x00000248                __vector_72
                0x00000248                __vector_6
                0x00000248                __vector_31
                0x00000248                __vector_92
                0x00000248                __vector_35
                0x00000248                __vector_74
                0x00000248                __vector_39
                0x00000248                __vector_3
                0x00000248                __vector_105
                0x00000248                __vector_98
                0x00000248                __vector_68
                0x00000248                __vector_30
                0x00000248                __vector_73
                0x00000248                __vector_45
                0x00000248                __vector_25
                0x00000248                __vector_93
                0x00000248                __vector_61
                0x00000248                __vector_99
                0x00000248                __vector_7
                0x00000248                __vector_125
                0x00000248                __vector_123
                0x00000248                __vector_41
                0x00000248                __vector_100
                0x00000248                __vector_101
                0x00000248                __vector_64
                0x00000248                __vector_88
                0x00000248                __vector_43
                0x00000248                __vector_27
                0x00000248                __vector_5
                0x00000248                __vector_33
                0x00000248                __vector_37
                0x00000248                __vector_95
                0x00000248                __vector_103
                0x00000248                __vector_96
                0x00000248                __vector_89
                0x00000248                __vector_4
                0x00000248                __vector_44
                0x00000248                __vector_106
                0x00000248                __vector_118
                0x00000248                __vector_9
                0x00000248                __vector_2
                0x00000248                __vector_66
                0x00000248                __vector_36
                0x00000248                __vector_58
                0x00000248                __vector_70
                0x00000248                __vector_29
                0x00000248                __vector_60
                0x00000248                __vector_121
                0x00000248                __vector_40
                0x00000248                __vector_94
                0x00000248                __vector_126
                0x00000248                __vector_8
                0x00000248                __vector_26
                0x00000248                __vector_124
                0x00000248                __vector_57
                0x00000248                __vector_59
                0x00000248                __vector_97
                0x00000248                __vector_42
                0x00000248                __vector_87
                0x00000248                __vector_65
                0x00000248                __vector_120
                0x0000024a                . = ALIGN (0x2)
 *(.text.*)
 .text.BNO_Write
                0x0000024a       0x2a src/BNO055Driver.o
                0x0000024a                BNO_Write
 .text.BNO_Read
                0x00000274       0x2a src/BNO055Driver.o
                0x00000274                BNO_Read
 .text.get_acceleration_x
                0x0000029e       0x52 src/BNO055Driver.o
                0x0000029e                get_acceleration_x
 .text.xbee_init
                0x000002f0       0x5e src/drivers/Xbee.o
                0x000002f0                xbee_init
 .text.__vector_119
                0x0000034e       0x72 src/drivers/Xbee.o
                0x0000034e                __vector_119
 .text.cpu_irq_save
                0x000003c0       0x20 src/ASF/common/services/clock/xmega/sysclk.o
 .text.cpu_irq_restore
                0x000003e0       0x20 src/ASF/common/services/clock/xmega/sysclk.o
 .text.osc_enable_internal
                0x00000400       0x36 src/ASF/common/services/clock/xmega/sysclk.o
 .text.osc_enable_external
                0x00000436       0x40 src/ASF/common/services/clock/xmega/sysclk.o
 .text.osc_disable
                0x00000476       0x3a src/ASF/common/services/clock/xmega/sysclk.o
 .text.osc_enable
                0x000004b0       0x26 src/ASF/common/services/clock/xmega/sysclk.o
 .text.osc_is_ready
                0x000004d6       0x28 src/ASF/common/services/clock/xmega/sysclk.o
 .text.osc_wait_ready
                0x000004fe       0x26 src/ASF/common/services/clock/xmega/sysclk.o
 .text.sysclk_init
                0x00000524       0x62 src/ASF/common/services/clock/xmega/sysclk.o
                0x00000524                sysclk_init
 .text.sysclk_enable_module
                0x00000586       0x48 src/ASF/common/services/clock/xmega/sysclk.o
                0x00000586                sysclk_enable_module
 .text._read    0x000005ce       0x3e src/ASF/common/utils/stdio/read.o
                0x000005ce                _read
 .text._write   0x0000060c       0x40 src/ASF/common/utils/stdio/write.o
                0x0000060c                _write
 .text.ccp_write_io
                0x0000064c        0xc src/ASF/xmega/drivers/cpu/ccp.o
                0x0000064c                ccp_write_io
 .text.__vector_10
                0x00000658       0x60 src/ASF/xmega/drivers/rtc/rtc.o
                0x00000658                __vector_10
 .text.__vector_11
                0x000006b8      0x180 src/ASF/xmega/drivers/rtc/rtc.o
                0x000006b8                __vector_11
 .text.__vector_14
                0x00000838       0xae src/ASF/xmega/drivers/tc/tc.o
                0x00000838                __vector_14
 .text.__vector_15
                0x000008e6       0xae src/ASF/xmega/drivers/tc/tc.o
                0x000008e6                __vector_15
 .text.__vector_16
                0x00000994       0xae src/ASF/xmega/drivers/tc/tc.o
                0x00000994                __vector_16
 .text.__vector_17
                0x00000a42       0xae src/ASF/xmega/drivers/tc/tc.o
                0x00000a42                __vector_17
 .text.__vector_18
                0x00000af0       0xae src/ASF/xmega/drivers/tc/tc.o
                0x00000af0                __vector_18
 .text.__vector_19
                0x00000b9e       0xae src/ASF/xmega/drivers/tc/tc.o
                0x00000b9e                __vector_19
 .text.__vector_20
                0x00000c4c       0xae src/ASF/xmega/drivers/tc/tc.o
                0x00000c4c                __vector_20
 .text.__vector_21
                0x00000cfa       0xae src/ASF/xmega/drivers/tc/tc.o
                0x00000cfa                __vector_21
 .text.__vector_22
                0x00000da8       0xae src/ASF/xmega/drivers/tc/tc.o
                0x00000da8                __vector_22
 .text.__vector_23
                0x00000e56       0xae src/ASF/xmega/drivers/tc/tc.o
                0x00000e56                __vector_23
 .text.__vector_77
                0x00000f04       0xae src/ASF/xmega/drivers/tc/tc.o
                0x00000f04                __vector_77
 .text.__vector_78
                0x00000fb2       0xae src/ASF/xmega/drivers/tc/tc.o
                0x00000fb2                __vector_78
 .text.__vector_79
                0x00001060       0xae src/ASF/xmega/drivers/tc/tc.o
                0x00001060                __vector_79
 .text.__vector_80
                0x0000110e       0xae src/ASF/xmega/drivers/tc/tc.o
                0x0000110e                __vector_80
 .text.__vector_81
                0x000011bc       0xae src/ASF/xmega/drivers/tc/tc.o
                0x000011bc                __vector_81
 .text.__vector_82
                0x0000126a       0xae src/ASF/xmega/drivers/tc/tc.o
                0x0000126a                __vector_82
 .text.__vector_83
                0x00001318       0xae src/ASF/xmega/drivers/tc/tc.o
                0x00001318                __vector_83
 .text.__vector_84
                0x000013c6       0xae src/ASF/xmega/drivers/tc/tc.o
                0x000013c6                __vector_84
 .text.__vector_85
                0x00001474       0xae src/ASF/xmega/drivers/tc/tc.o
                0x00001474                __vector_85
 .text.__vector_86
                0x00001522       0xae src/ASF/xmega/drivers/tc/tc.o
                0x00001522                __vector_86
 .text.__vector_47
                0x000015d0       0xae src/ASF/xmega/drivers/tc/tc.o
                0x000015d0                __vector_47
 .text.__vector_48
                0x0000167e       0xae src/ASF/xmega/drivers/tc/tc.o
                0x0000167e                __vector_48
 .text.__vector_49
                0x0000172c       0xae src/ASF/xmega/drivers/tc/tc.o
                0x0000172c                __vector_49
 .text.__vector_50
                0x000017da       0xae src/ASF/xmega/drivers/tc/tc.o
                0x000017da                __vector_50
 .text.__vector_51
                0x00001888       0xae src/ASF/xmega/drivers/tc/tc.o
                0x00001888                __vector_51
 .text.__vector_52
                0x00001936       0xae src/ASF/xmega/drivers/tc/tc.o
                0x00001936                __vector_52
 .text.__vector_53
                0x000019e4       0xae src/ASF/xmega/drivers/tc/tc.o
                0x000019e4                __vector_53
 .text.__vector_54
                0x00001a92       0xae src/ASF/xmega/drivers/tc/tc.o
                0x00001a92                __vector_54
 .text.__vector_55
                0x00001b40       0xae src/ASF/xmega/drivers/tc/tc.o
                0x00001b40                __vector_55
 .text.__vector_56
                0x00001bee       0xae src/ASF/xmega/drivers/tc/tc.o
                0x00001bee                __vector_56
 .text.__vector_108
                0x00001c9c       0xae src/ASF/xmega/drivers/tc/tc.o
                0x00001c9c                __vector_108
 .text.__vector_109
                0x00001d4a       0xae src/ASF/xmega/drivers/tc/tc.o
                0x00001d4a                __vector_109
 .text.__vector_110
                0x00001df8       0xae src/ASF/xmega/drivers/tc/tc.o
                0x00001df8                __vector_110
 .text.__vector_111
                0x00001ea6       0xae src/ASF/xmega/drivers/tc/tc.o
                0x00001ea6                __vector_111
 .text.__vector_112
                0x00001f54       0xae src/ASF/xmega/drivers/tc/tc.o
                0x00001f54                __vector_112
 .text.__vector_113
                0x00002002       0xae src/ASF/xmega/drivers/tc/tc.o
                0x00002002                __vector_113
 .text.__vector_114
                0x000020b0       0xae src/ASF/xmega/drivers/tc/tc.o
                0x000020b0                __vector_114
 .text.__vector_115
                0x0000215e       0xae src/ASF/xmega/drivers/tc/tc.o
                0x0000215e                __vector_115
 .text.__vector_116
                0x0000220c       0xae src/ASF/xmega/drivers/tc/tc.o
                0x0000220c                __vector_116
 .text.__vector_117
                0x000022ba       0xae src/ASF/xmega/drivers/tc/tc.o
                0x000022ba                __vector_117
 .text.cpu_irq_save
                0x00002368       0x20 src/ASF/xmega/drivers/twi/twim.o
 .text.cpu_irq_restore
                0x00002388       0x20 src/ASF/xmega/drivers/twi/twim.o
 .text.__vector_13
                0x000023a8       0x98 src/ASF/xmega/drivers/twi/twim.o
                0x000023a8                __vector_13
 .text.__vector_76
                0x00002440       0x98 src/ASF/xmega/drivers/twi/twim.o
                0x00002440                __vector_76
 .text.__vector_46
                0x000024d8       0x98 src/ASF/xmega/drivers/twi/twim.o
                0x000024d8                __vector_46
 .text.__vector_107
                0x00002570       0x98 src/ASF/xmega/drivers/twi/twim.o
                0x00002570                __vector_107
 .text.twim_idle
                0x00002608       0x34 src/ASF/xmega/drivers/twi/twim.o
 .text.twim_acquire
                0x0000263c       0x42 src/ASF/xmega/drivers/twi/twim.o
 .text.twim_release
                0x0000267e       0x3e src/ASF/xmega/drivers/twi/twim.o
 .text.twim_write_handler
                0x000026bc      0x102 src/ASF/xmega/drivers/twi/twim.o
 .text.twim_read_handler
                0x000027be       0xc6 src/ASF/xmega/drivers/twi/twim.o
 .text.twim_interrupt_handler
                0x00002884       0xaa src/ASF/xmega/drivers/twi/twim.o
 .text.twi_master_init
                0x0000292e       0x70 src/ASF/xmega/drivers/twi/twim.o
                0x0000292e                twi_master_init
 .text.twi_master_transfer
                0x0000299e       0xca src/ASF/xmega/drivers/twi/twim.o
                0x0000299e                twi_master_transfer
 .text.usart_rx_enable
                0x00002a68       0x30 src/ASF/xmega/drivers/usart/usart.o
 .text.usart_format_set
                0x00002a98       0x46 src/ASF/xmega/drivers/usart/usart.o
 .text.usart_tx_enable
                0x00002ade       0x30 src/ASF/xmega/drivers/usart/usart.o
 .text.usart_set_mode
                0x00002b0e       0x38 src/ASF/xmega/drivers/usart/usart.o
 .text.usart_data_register_is_empty
                0x00002b46       0x34 src/ASF/xmega/drivers/usart/usart.o
 .text.usart_rx_is_complete
                0x00002b7a       0x34 src/ASF/xmega/drivers/usart/usart.o
 .text.sysclk_get_main_hz
                0x00002bae       0x1a src/ASF/xmega/drivers/usart/usart.o
 .text.sysclk_get_per4_hz
                0x00002bc8       0x32 src/ASF/xmega/drivers/usart/usart.o
 .text.sysclk_get_per2_hz
                0x00002bfa       0x18 src/ASF/xmega/drivers/usart/usart.o
 .text.sysclk_get_per_hz
                0x00002c12       0x18 src/ASF/xmega/drivers/usart/usart.o
 .text.sysclk_enable_peripheral_clock
                0x00002c2a      0x330 src/ASF/xmega/drivers/usart/usart.o
 .text.usart_init_rs232
                0x00002f5a       0x8c src/ASF/xmega/drivers/usart/usart.o
                0x00002f5a                usart_init_rs232
 .text.usart_putchar
                0x00002fe6       0x3c src/ASF/xmega/drivers/usart/usart.o
                0x00002fe6                usart_putchar
 .text.usart_getchar
                0x00003022       0x34 src/ASF/xmega/drivers/usart/usart.o
                0x00003022                usart_getchar
 .text.usart_set_baudrate
                0x00003056      0x37c src/ASF/xmega/drivers/usart/usart.o
                0x00003056                usart_set_baudrate
 .text.ioport_configure_port_pin
                0x000033d2       0xba src/ASF/common/services/ioport/xmega/ioport_compat.o
                0x000033d2                ioport_configure_port_pin
 .text.ioport_configure_pin
                0x0000348c       0x78 src/ASF/xmega/boards/xmega_a1u_xplained_pro/board_init.o
 .text.board_init
                0x00003504       0x20 src/ASF/xmega/boards/xmega_a1u_xplained_pro/board_init.o
                0x00003504                board_init
 .text.sysclk_get_main_hz
                0x00003524       0x1a src/drivers/I2CDriver.o
 .text.sysclk_get_per4_hz
                0x0000353e       0x32 src/drivers/I2CDriver.o
 .text.sysclk_get_per2_hz
                0x00003570       0x18 src/drivers/I2CDriver.o
 .text.sysclk_get_per_hz
                0x00003588       0x18 src/drivers/I2CDriver.o
 .text.sysclk_get_cpu_hz
                0x000035a0       0x18 src/drivers/I2CDriver.o
 .text.sysclk_enable_peripheral_clock
                0x000035b8      0x330 src/drivers/I2CDriver.o
 .text.twi_master_read
                0x000038e8       0x2e src/drivers/I2CDriver.o
 .text.twi_master_write
                0x00003916       0x2e src/drivers/I2CDriver.o
 .text.twi_master_setup
                0x00003944       0x8a src/drivers/I2CDriver.o
 .text.I2CInit  0x000039ce       0x5c src/drivers/I2CDriver.o
                0x000039ce                I2CInit
 .text.twi_write
                0x00003a2a       0x7c src/drivers/I2CDriver.o
                0x00003a2a                twi_write
 .text.twi_read
                0x00003aa6       0x60 src/drivers/I2CDriver.o
                0x00003aa6                twi_read
 .text.sysclk_enable_peripheral_clock
                0x00003b06      0x330 src/drivers/uart.o
 .text.usart_serial_init
                0x00003e36       0xfe src/drivers/uart.o
 .text.usart_serial_putchar
                0x00003f34       0x24 src/drivers/uart.o
 .text.usart_serial_getchar
                0x00003f58       0x32 src/drivers/uart.o
 .text.stdio_serial_init
                0x00003f8a       0x5c src/drivers/uart.o
 .text.uart_init
                0x00003fe6       0xcc src/drivers/uart.o
                0x00003fe6                uart_init
 .text.uart_terminal_init
                0x000040b2       0x32 src/drivers/uart.o
                0x000040b2                uart_terminal_init
 .text.sysclk_get_main_hz
                0x000040e4       0x1a src/main.o
 .text.sysclk_get_per4_hz
                0x000040fe       0x32 src/main.o
 .text.sysclk_get_per2_hz
                0x00004130       0x18 src/main.o
 .text.sysclk_get_per_hz
                0x00004148       0x18 src/main.o
 .text.sysclk_get_cpu_hz
                0x00004160       0x18 src/main.o
 .text.__portable_avr_delay_cycles
                0x00004178       0x16 src/main.o
 .text.pmic_init
                0x0000418e       0x1a src/main.o
 .text.pmic_set_scheduling
                0x000041a8       0x56 src/main.o
 .text.main     0x000041fe      0x5fc src/main.o
                0x000041fe                main
 .text.avr-libc.fplib
                0x000047fa        0x4 d:/program files (x86)/atmel/7.0/toolchain/avr8/avr8-gnu-toolchain/bin/../lib/gcc/avr/5.4.0/../../../../avr/lib/avrxmega7\libm.a(divsf3.o)
                0x000047fa                __divsf3
 .text.avr-libc.fplib
                0x000047fe       0xcc d:/program files (x86)/atmel/7.0/toolchain/avr8/avr8-gnu-toolchain/bin/../lib/gcc/avr/5.4.0/../../../../avr/lib/avrxmega7\libm.a(divsf3x.o)
                0x00004814                __divsf3x
                0x00004818                __divsf3_pse
 .text.avr-libc.fplib
                0x000048ca       0x74 d:/program files (x86)/atmel/7.0/toolchain/avr8/avr8-gnu-toolchain/bin/../lib/gcc/avr/5.4.0/../../../../avr/lib/avrxmega7\libm.a(fixsfdi.o)
                0x000048ca                __fixsfdi
                0x000048d4                __fixunssfdi
 .text.avr-libc.fplib
                0x0000493e       0x7c d:/program files (x86)/atmel/7.0/toolchain/avr8/avr8-gnu-toolchain/bin/../lib/gcc/avr/5.4.0/../../../../avr/lib/avrxmega7\libm.a(floatundisf.o)
                0x0000493e                __floatundisf
                0x00004940                __fp_di2sf
 .text.avr-libc.fplib
                0x000049ba        0xc d:/program files (x86)/atmel/7.0/toolchain/avr8/avr8-gnu-toolchain/bin/../lib/gcc/avr/5.4.0/../../../../avr/lib/avrxmega7\libm.a(fp_inf.o)
                0x000049ba                __fp_inf
 .text.avr-libc.fplib
                0x000049c6        0x6 d:/program files (x86)/atmel/7.0/toolchain/avr8/avr8-gnu-toolchain/bin/../lib/gcc/avr/5.4.0/../../../../avr/lib/avrxmega7\libm.a(fp_nan.o)
                0x000049c6                __fp_nan
 .text.avr-libc.fplib
                0x000049cc       0x20 d:/program files (x86)/atmel/7.0/toolchain/avr8/avr8-gnu-toolchain/bin/../lib/gcc/avr/5.4.0/../../../../avr/lib/avrxmega7\libm.a(fp_negdi.o)
                0x000049cc                __fp_negdi
 .text.avr-libc.fplib
                0x000049ec        0xe d:/program files (x86)/atmel/7.0/toolchain/avr8/avr8-gnu-toolchain/bin/../lib/gcc/avr/5.4.0/../../../../avr/lib/avrxmega7\libm.a(fp_pscA.o)
                0x000049ec                __fp_pscA
 .text.avr-libc.fplib
                0x000049fa        0xe d:/program files (x86)/atmel/7.0/toolchain/avr8/avr8-gnu-toolchain/bin/../lib/gcc/avr/5.4.0/../../../../avr/lib/avrxmega7\libm.a(fp_pscB.o)
                0x000049fa                __fp_pscB
 .text.avr-libc.fplib
                0x00004a08       0x22 d:/program files (x86)/atmel/7.0/toolchain/avr8/avr8-gnu-toolchain/bin/../lib/gcc/avr/5.4.0/../../../../avr/lib/avrxmega7\libm.a(fp_round.o)
                0x00004a08                __fp_round
 .text.avr-libc.fplib
                0x00004a2a       0x44 d:/program files (x86)/atmel/7.0/toolchain/avr8/avr8-gnu-toolchain/bin/../lib/gcc/avr/5.4.0/../../../../avr/lib/avrxmega7\libm.a(fp_split3.o)
                0x00004a2a                __fp_split3
                0x00004a3a                __fp_splitA
 .text.avr-libc.fplib
                0x00004a6e        0xe d:/program files (x86)/atmel/7.0/toolchain/avr8/avr8-gnu-toolchain/bin/../lib/gcc/avr/5.4.0/../../../../avr/lib/avrxmega7\libm.a(fp_zero.o)
                0x00004a6e                __fp_zero
                0x00004a70                __fp_szero
 .text.libgcc.div
                0x00004a7c       0x44 d:/program files (x86)/atmel/7.0/toolchain/avr8/avr8-gnu-toolchain/bin/../lib/gcc/avr/5.4.0/avrxmega7\libgcc.a(_udivmodsi4.o)
                0x00004a7c                __udivmodsi4
 .text.libgcc.div
                0x00004ac0       0x1a d:/program files (x86)/atmel/7.0/toolchain/avr8/avr8-gnu-toolchain/bin/../lib/gcc/avr/5.4.0/avrxmega7\libgcc.a(_udivdi3.o)
                0x00004ac0                __umoddi3
                0x00004ac4                __udivdi3
                0x00004ac6                __udivdi3_umoddi3
 .text.libgcc.div
                0x00004ada       0xa2 d:/program files (x86)/atmel/7.0/toolchain/avr8/avr8-gnu-toolchain/bin/../lib/gcc/avr/5.4.0/avrxmega7\libgcc.a(_udivmod64.o)
                0x00004ada                __udivmod64
 .text.libgcc.builtins
                0x00004b7c       0x32 d:/program files (x86)/atmel/7.0/toolchain/avr8/avr8-gnu-toolchain/bin/../lib/gcc/avr/5.4.0/avrxmega7\libgcc.a(_ashldi3.o)
                0x00004b7c                __ashldi3
 .text.libgcc   0x00004bae       0x12 d:/program files (x86)/atmel/7.0/toolchain/avr8/avr8-gnu-toolchain/bin/../lib/gcc/avr/5.4.0/avrxmega7\libgcc.a(_adddi3.o)
                0x00004bae                __adddi3
 .text.libgcc   0x00004bc0       0x12 d:/program files (x86)/atmel/7.0/toolchain/avr8/avr8-gnu-toolchain/bin/../lib/gcc/avr/5.4.0/avrxmega7\libgcc.a(_subdi3.o)
                0x00004bc0                __subdi3
 .text.avr-libc
                0x00004bd2      0x242 d:/program files (x86)/atmel/7.0/toolchain/avr8/avr8-gnu-toolchain/bin/../lib/gcc/avr/5.4.0/../../../../avr/lib/avrxmega7\libc.a(malloc.o)
                0x00004bd2                malloc
                0x00004d02                free
 .text.avr-libc
                0x00004e14       0x94 d:/program files (x86)/atmel/7.0/toolchain/avr8/avr8-gnu-toolchain/bin/../lib/gcc/avr/5.4.0/../../../../avr/lib/avrxmega7\libc.a(fdevopen.o)
                0x00004e14                fdevopen
 .text.avr-libc
                0x00004ea8       0x26 d:/program files (x86)/atmel/7.0/toolchain/avr8/avr8-gnu-toolchain/bin/../lib/gcc/avr/5.4.0/../../../../avr/lib/avrxmega7\libc.a(printf.o)
                0x00004ea8                printf
 .text.avr-libc
                0x00004ece       0x60 d:/program files (x86)/atmel/7.0/toolchain/avr8/avr8-gnu-toolchain/bin/../lib/gcc/avr/5.4.0/../../../../avr/lib/avrxmega7\libc.a(puts.o)
                0x00004ece                puts
 .text.avr-libc
                0x00004f2e      0x3ee d:/program files (x86)/atmel/7.0/toolchain/avr8/avr8-gnu-toolchain/bin/../lib/gcc/avr/5.4.0/../../../../avr/lib/avrxmega7\libc.a(vfprintf_std.o)
                0x00004f2e                vfprintf
 .text.avr-libc
                0x0000531c       0x34 d:/program files (x86)/atmel/7.0/toolchain/avr8/avr8-gnu-toolchain/bin/../lib/gcc/avr/5.4.0/../../../../avr/lib/avrxmega7\libc.a(calloc.o)
                0x0000531c                calloc
 .text.avr-libc
                0x00005350       0x16 d:/program files (x86)/atmel/7.0/toolchain/avr8/avr8-gnu-toolchain/bin/../lib/gcc/avr/5.4.0/../../../../avr/lib/avrxmega7\libc.a(strnlen_P.o)
                0x00005350                strnlen_P
 .text.avr-libc
                0x00005366        0xe d:/program files (x86)/atmel/7.0/toolchain/avr8/avr8-gnu-toolchain/bin/../lib/gcc/avr/5.4.0/../../../../avr/lib/avrxmega7\libc.a(memset.o)
                0x00005366                memset
 .text.avr-libc
                0x00005374       0x16 d:/program files (x86)/atmel/7.0/toolchain/avr8/avr8-gnu-toolchain/bin/../lib/gcc/avr/5.4.0/../../../../avr/lib/avrxmega7\libc.a(strnlen.o)
                0x00005374                strnlen
 .text.avr-libc
                0x0000538a       0x78 d:/program files (x86)/atmel/7.0/toolchain/avr8/avr8-gnu-toolchain/bin/../lib/gcc/avr/5.4.0/../../../../avr/lib/avrxmega7\libc.a(fputc.o)
                0x0000538a                fputc
 .text.avr-libc
                0x00005402       0xbc d:/program files (x86)/atmel/7.0/toolchain/avr8/avr8-gnu-toolchain/bin/../lib/gcc/avr/5.4.0/../../../../avr/lib/avrxmega7\libc.a(ultoa_invert.o)
                0x00005402                __ultoa_invert
                0x000054be                . = ALIGN (0x2)
 *(.fini9)
 .fini9         0x000054be        0x0 d:/program files (x86)/atmel/7.0/toolchain/avr8/avr8-gnu-toolchain/bin/../lib/gcc/avr/5.4.0/avrxmega7\libgcc.a(_exit.o)
                0x000054be                _exit
                0x000054be                exit
 *(.fini9)
 *(.fini8)
 *(.fini8)
 *(.fini7)
 *(.fini7)
 *(.fini6)
 *(.fini6)
 *(.fini5)
 *(.fini5)
 *(.fini4)
 *(.fini4)
 *(.fini3)
 *(.fini3)
 *(.fini2)
 *(.fini2)
 *(.fini1)
 *(.fini1)
 *(.fini0)
 .fini0         0x000054be        0x4 d:/program files (x86)/atmel/7.0/toolchain/avr8/avr8-gnu-toolchain/bin/../lib/gcc/avr/5.4.0/avrxmega7\libgcc.a(_exit.o)
 *(.fini0)
                0x000054c2                _etext = .

.data           0x00802000       0x60 load address 0x000054c2
                0x00802000                PROVIDE (__data_start, .)
 *(.data)
 .data          0x00802000        0x6 d:/program files (x86)/atmel/7.0/toolchain/avr8/avr8-gnu-toolchain/bin/../lib/gcc/avr/5.4.0/../../../../avr/lib/avrxmega7\libc.a(malloc.o)
                0x00802000                __malloc_heap_end
                0x00802002                __malloc_heap_start
                0x00802004                __malloc_margin
 *(.data*)
 .data.usart_options.6315
                0x00802006        0x7 src/drivers/uart.o
 .data.usart_config.6348
                0x0080200d        0x7 src/drivers/uart.o
 *(.gnu.linkonce.d*)
 *(.rodata)
 *(.rodata*)
 .rodata.str1.1
                0x00802014        0x5 src/drivers/I2CDriver.o
 .rodata.str1.1
                0x00802019       0x47 src/main.o
 *(.gnu.linkonce.r*)
                0x00802060                . = ALIGN (0x2)
                0x00802060                _edata = .
                0x00802060                PROVIDE (__data_end, .)

.bss            0x00802060       0x7f
                0x00802060                PROVIDE (__bss_start, .)
 *(.bss)
 *(.bss*)
 .bss.xbee_uart
                0x00802060        0xa src/drivers/Xbee.o
 .bss.tc_tcc0_ovf_callback
                0x0080206a        0x2 src/ASF/xmega/drivers/tc/tc.o
 .bss.tc_tcc0_err_callback
                0x0080206c        0x2 src/ASF/xmega/drivers/tc/tc.o
 .bss.tc_tcc0_cca_callback
                0x0080206e        0x2 src/ASF/xmega/drivers/tc/tc.o
 .bss.tc_tcc0_ccb_callback
                0x00802070        0x2 src/ASF/xmega/drivers/tc/tc.o
 .bss.tc_tcc0_ccc_callback
                0x00802072        0x2 src/ASF/xmega/drivers/tc/tc.o
 .bss.tc_tcc0_ccd_callback
                0x00802074        0x2 src/ASF/xmega/drivers/tc/tc.o
 .bss.tc_tcc1_ovf_callback
                0x00802076        0x2 src/ASF/xmega/drivers/tc/tc.o
 .bss.tc_tcc1_err_callback
                0x00802078        0x2 src/ASF/xmega/drivers/tc/tc.o
 .bss.tc_tcc1_cca_callback
                0x0080207a        0x2 src/ASF/xmega/drivers/tc/tc.o
 .bss.tc_tcc1_ccb_callback
                0x0080207c        0x2 src/ASF/xmega/drivers/tc/tc.o
 .bss.tc_tcd0_ovf_callback
                0x0080207e        0x2 src/ASF/xmega/drivers/tc/tc.o
 .bss.tc_tcd0_err_callback
                0x00802080        0x2 src/ASF/xmega/drivers/tc/tc.o
 .bss.tc_tcd0_cca_callback
                0x00802082        0x2 src/ASF/xmega/drivers/tc/tc.o
 .bss.tc_tcd0_ccb_callback
                0x00802084        0x2 src/ASF/xmega/drivers/tc/tc.o
 .bss.tc_tcd0_ccc_callback
                0x00802086        0x2 src/ASF/xmega/drivers/tc/tc.o
 .bss.tc_tcd0_ccd_callback
                0x00802088        0x2 src/ASF/xmega/drivers/tc/tc.o
 .bss.tc_tcd1_ovf_callback
                0x0080208a        0x2 src/ASF/xmega/drivers/tc/tc.o
 .bss.tc_tcd1_err_callback
                0x0080208c        0x2 src/ASF/xmega/drivers/tc/tc.o
 .bss.tc_tcd1_cca_callback
                0x0080208e        0x2 src/ASF/xmega/drivers/tc/tc.o
 .bss.tc_tcd1_ccb_callback
                0x00802090        0x2 src/ASF/xmega/drivers/tc/tc.o
 .bss.tc_tce0_ovf_callback
                0x00802092        0x2 src/ASF/xmega/drivers/tc/tc.o
 .bss.tc_tce0_err_callback
                0x00802094        0x2 src/ASF/xmega/drivers/tc/tc.o
 .bss.tc_tce0_cca_callback
                0x00802096        0x2 src/ASF/xmega/drivers/tc/tc.o
 .bss.tc_tce0_ccb_callback
                0x00802098        0x2 src/ASF/xmega/drivers/tc/tc.o
 .bss.tc_tce0_ccc_callback
                0x0080209a        0x2 src/ASF/xmega/drivers/tc/tc.o
 .bss.tc_tce0_ccd_callback
                0x0080209c        0x2 src/ASF/xmega/drivers/tc/tc.o
 .bss.tc_tce1_ovf_callback
                0x0080209e        0x2 src/ASF/xmega/drivers/tc/tc.o
 .bss.tc_tce1_err_callback
                0x008020a0        0x2 src/ASF/xmega/drivers/tc/tc.o
 .bss.tc_tce1_cca_callback
                0x008020a2        0x2 src/ASF/xmega/drivers/tc/tc.o
 .bss.tc_tce1_ccb_callback
                0x008020a4        0x2 src/ASF/xmega/drivers/tc/tc.o
 .bss.tc_tcf0_ovf_callback
                0x008020a6        0x2 src/ASF/xmega/drivers/tc/tc.o
 .bss.tc_tcf0_err_callback
                0x008020a8        0x2 src/ASF/xmega/drivers/tc/tc.o
 .bss.tc_tcf0_cca_callback
                0x008020aa        0x2 src/ASF/xmega/drivers/tc/tc.o
 .bss.tc_tcf0_ccb_callback
                0x008020ac        0x2 src/ASF/xmega/drivers/tc/tc.o
 .bss.tc_tcf0_ccc_callback
                0x008020ae        0x2 src/ASF/xmega/drivers/tc/tc.o
 .bss.tc_tcf0_ccd_callback
                0x008020b0        0x2 src/ASF/xmega/drivers/tc/tc.o
 .bss.tc_tcf1_ovf_callback
                0x008020b2        0x2 src/ASF/xmega/drivers/tc/tc.o
 .bss.tc_tcf1_err_callback
                0x008020b4        0x2 src/ASF/xmega/drivers/tc/tc.o
 .bss.tc_tcf1_cca_callback
                0x008020b6        0x2 src/ASF/xmega/drivers/tc/tc.o
 .bss.tc_tcf1_ccb_callback
                0x008020b8        0x2 src/ASF/xmega/drivers/tc/tc.o
 .bss.transfer  0x008020ba        0xb src/ASF/xmega/drivers/twi/twim.o
 *(COMMON)
 COMMON         0x008020c5        0x1 src/drivers/Xbee.o
                0x008020c5                XbeeRx
 COMMON         0x008020c6        0x2 src/ASF/common/utils/stdio/read.o
                0x008020c6                ptr_get
 COMMON         0x008020c8        0x4 src/ASF/common/utils/stdio/write.o
                0x008020c8                ptr_put
                0x008020ca                stdio_base
 COMMON         0x008020cc        0x8 src/ASF/xmega/drivers/rtc/rtc.o
                0x008020cc                rtc_data
 COMMON         0x008020d4        0x1 src/drivers/I2CDriver.o
                0x008020d4                busAddress
 COMMON         0x008020d5        0x4 d:/program files (x86)/atmel/7.0/toolchain/avr8/avr8-gnu-toolchain/bin/../lib/gcc/avr/5.4.0/../../../../avr/lib/avrxmega7\libc.a(malloc.o)
                0x008020d5                __brkval
                0x008020d7                __flp
 COMMON         0x008020d9        0x6 d:/program files (x86)/atmel/7.0/toolchain/avr8/avr8-gnu-toolchain/bin/../lib/gcc/avr/5.4.0/../../../../avr/lib/avrxmega7\libc.a(iob.o)
                0x008020d9                __iob
                0x008020df                PROVIDE (__bss_end, .)
                0x000054c2                __data_load_start = LOADADDR (.data)
                0x00005522                __data_load_end = (__data_load_start + SIZEOF (.data))

.noinit         0x008020df        0x0
                [!provide]                PROVIDE (__noinit_start, .)
 *(.noinit*)
                [!provide]                PROVIDE (__noinit_end, .)
                0x008020df                _end = .
                0x008020df                PROVIDE (__heap_start, .)

.eeprom         0x00810000        0x0
 *(.eeprom*)
                0x00810000                __eeprom_end = .

.fuse
 *(.fuse)
 *(.lfuse)
 *(.hfuse)
 *(.efuse)

.lock
 *(.lock*)

.signature
 *(.signature*)

.user_signatures
 *(.user_signatures*)

.stab
 *(.stab)

.stabstr
 *(.stabstr)

.stab.excl
 *(.stab.excl)

.stab.exclstr
 *(.stab.exclstr)

.stab.index
 *(.stab.index)

.stab.indexstr
 *(.stab.indexstr)

.comment        0x00000000       0x5c
 *(.comment)
 .comment       0x00000000       0x30 src/BNO055Driver.o
                                 0x31 (size before relaxing)
 .comment       0x00000030       0x31 src/drivers/Xbee.o
 .comment       0x00000030       0x31 src/ASF/common/services/clock/xmega/sysclk.o
 .comment       0x00000030       0x31 src/ASF/common/utils/stdio/read.o
 .comment       0x00000030       0x31 src/ASF/common/utils/stdio/write.o
 .comment       0x00000030       0x31 src/ASF/xmega/drivers/rtc/rtc.o
 .comment       0x00000030       0x31 src/ASF/xmega/drivers/tc/tc.o
 .comment       0x00000030       0x31 src/ASF/xmega/drivers/twi/twim.o
 .comment       0x00000030       0x31 src/ASF/xmega/drivers/usart/usart.o
 .comment       0x00000030       0x31 src/ASF/common/services/ioport/xmega/ioport_compat.o
 .comment       0x00000030       0x31 src/ASF/xmega/boards/xmega_a1u_xplained_pro/board_init.o
 .comment       0x00000030       0x31 src/drivers/I2CDriver.o
 .comment       0x00000030       0x31 src/drivers/uart.o
 .comment       0x00000030       0x31 src/main.o
 .comment       0x00000030       0x31 d:/program files (x86)/atmel/7.0/toolchain/avr8/avr8-gnu-toolchain/bin/../lib/gcc/avr/5.4.0/../../../../avr/lib/avrxmega7\libc.a(malloc.o)
 .comment       0x00000030       0x31 d:/program files (x86)/atmel/7.0/toolchain/avr8/avr8-gnu-toolchain/bin/../lib/gcc/avr/5.4.0/../../../../avr/lib/avrxmega7\libc.a(fdevopen.o)
 .comment       0x00000030       0x31 d:/program files (x86)/atmel/7.0/toolchain/avr8/avr8-gnu-toolchain/bin/../lib/gcc/avr/5.4.0/../../../../avr/lib/avrxmega7\libc.a(iob.o)
 .comment       0x00000030       0x31 d:/program files (x86)/atmel/7.0/toolchain/avr8/avr8-gnu-toolchain/bin/../lib/gcc/avr/5.4.0/../../../../avr/lib/avrxmega7\libc.a(printf.o)
 .comment       0x00000030       0x31 d:/program files (x86)/atmel/7.0/toolchain/avr8/avr8-gnu-toolchain/bin/../lib/gcc/avr/5.4.0/../../../../avr/lib/avrxmega7\libc.a(puts.o)
 .comment       0x00000030       0x2c d:/program files (x86)/atmel/7.0/toolchain/avr8/avr8-gnu-toolchain/bin/../lib/gcc/avr/5.4.0/../../../../avr/lib/avrxmega7\libc.a(vfprintf_std.o)
                                 0x2d (size before relaxing)
 .comment       0x0000005c       0x31 d:/program files (x86)/atmel/7.0/toolchain/avr8/avr8-gnu-toolchain/bin/../lib/gcc/avr/5.4.0/../../../../avr/lib/avrxmega7\libc.a(calloc.o)
 .comment       0x0000005c       0x31 d:/program files (x86)/atmel/7.0/toolchain/avr8/avr8-gnu-toolchain/bin/../lib/gcc/avr/5.4.0/../../../../avr/lib/avrxmega7\libc.a(fputc.o)

.note.gnu.avr.deviceinfo
                0x00000000       0x40
 .note.gnu.avr.deviceinfo
                0x00000000       0x40 D:/Program Files (x86)/Atmel/7.0/Packs/atmel/XMEGAA_DFP/1.1.68/gcc/dev/atxmega128a1u/avrxmega7/crtatxmega128a1u.o

.note.gnu.build-id
 *(.note.gnu.build-id)

.debug
 *(.debug)

.line
 *(.line)

.debug_srcinfo
 *(.debug_srcinfo)

.debug_sfnames
 *(.debug_sfnames)

.debug_aranges  0x00000000      0x6f0
 *(.debug_aranges)
 .debug_aranges
                0x00000000       0xa0 src/BNO055Driver.o
 .debug_aranges
                0x000000a0       0x30 src/drivers/Xbee.o
 .debug_aranges
                0x000000d0       0x80 src/ASF/common/services/clock/xmega/sysclk.o
 .debug_aranges
                0x00000150       0x20 src/ASF/common/utils/stdio/read.o
 .debug_aranges
                0x00000170       0x20 src/ASF/common/utils/stdio/write.o
 .debug_aranges
                0x00000190       0x20 src/ASF/xmega/drivers/cpu/ccp.o
 .debug_aranges
                0x000001b0       0x70 src/ASF/xmega/drivers/rtc/rtc.o
 .debug_aranges
                0x00000220      0x1b8 src/ASF/xmega/drivers/tc/tc.o
 .debug_aranges
                0x000003d8       0x88 src/ASF/xmega/drivers/twi/twim.o
 .debug_aranges
                0x00000460       0xe8 src/ASF/xmega/drivers/usart/usart.o
 .debug_aranges
                0x00000548       0x20 src/ASF/common/services/ioport/xmega/ioport_compat.o
 .debug_aranges
                0x00000568       0x28 src/ASF/xmega/boards/xmega_a1u_xplained_pro/board_init.o
 .debug_aranges
                0x00000590       0x80 src/drivers/I2CDriver.o
 .debug_aranges
                0x00000610       0x80 src/drivers/uart.o
 .debug_aranges
                0x00000690       0x60 src/main.o

.debug_pubnames
 *(.debug_pubnames)

.debug_info     0x00000000     0xf191
 *(.debug_info .gnu.linkonce.wi.*)
 .debug_info    0x00000000     0x3e5a D:/Program Files (x86)/Atmel/7.0/Packs/atmel/XMEGAA_DFP/1.1.68/gcc/dev/atxmega128a1u/avrxmega7/crtatxmega128a1u.o
 .debug_info    0x00003e5a      0x5cc src/BNO055Driver.o
 .debug_info    0x00004426      0x52b src/drivers/Xbee.o
 .debug_info    0x00004951      0x5e1 src/ASF/common/services/clock/xmega/sysclk.o
 .debug_info    0x00004f32      0x107 src/ASF/common/utils/stdio/read.o
 .debug_info    0x00005039      0x10a src/ASF/common/utils/stdio/write.o
 .debug_info    0x00005143       0x93 src/ASF/xmega/drivers/cpu/ccp.o
 .debug_info    0x000051d6      0x65c src/ASF/xmega/drivers/rtc/rtc.o
 .debug_info    0x00005832     0x15a5 src/ASF/xmega/drivers/tc/tc.o
 .debug_info    0x00006dd7      0x86a src/ASF/xmega/drivers/twi/twim.o
 .debug_info    0x00007641     0x2aba src/ASF/xmega/drivers/usart/usart.o
 .debug_info    0x0000a0fb      0x119 src/ASF/common/services/ioport/xmega/ioport_compat.o
 .debug_info    0x0000a214      0x3af src/ASF/xmega/boards/xmega_a1u_xplained_pro/board_init.o
 .debug_info    0x0000a5c3     0x228b src/drivers/I2CDriver.o
 .debug_info    0x0000c84e     0x238c src/drivers/uart.o
 .debug_info    0x0000ebda      0x5b7 src/main.o

.debug_abbrev   0x00000000     0x5535
 *(.debug_abbrev)
 .debug_abbrev  0x00000000     0x3b0e D:/Program Files (x86)/Atmel/7.0/Packs/atmel/XMEGAA_DFP/1.1.68/gcc/dev/atxmega128a1u/avrxmega7/crtatxmega128a1u.o
 .debug_abbrev  0x00003b0e      0x1b9 src/BNO055Driver.o
 .debug_abbrev  0x00003cc7      0x195 src/drivers/Xbee.o
 .debug_abbrev  0x00003e5c      0x199 src/ASF/common/services/clock/xmega/sysclk.o
 .debug_abbrev  0x00003ff5       0xb0 src/ASF/common/utils/stdio/read.o
 .debug_abbrev  0x000040a5       0x92 src/ASF/common/utils/stdio/write.o
 .debug_abbrev  0x00004137       0x14 src/ASF/xmega/drivers/cpu/ccp.o
 .debug_abbrev  0x0000414b      0x280 src/ASF/xmega/drivers/rtc/rtc.o
 .debug_abbrev  0x000043cb      0x20a src/ASF/xmega/drivers/tc/tc.o
 .debug_abbrev  0x000045d5      0x22e src/ASF/xmega/drivers/twi/twim.o
 .debug_abbrev  0x00004803      0x42d src/ASF/xmega/drivers/usart/usart.o
 .debug_abbrev  0x00004c30       0x95 src/ASF/common/services/ioport/xmega/ioport_compat.o
 .debug_abbrev  0x00004cc5      0x144 src/ASF/xmega/boards/xmega_a1u_xplained_pro/board_init.o
 .debug_abbrev  0x00004e09      0x2b9 src/drivers/I2CDriver.o
 .debug_abbrev  0x000050c2      0x27c src/drivers/uart.o
 .debug_abbrev  0x0000533e      0x1f7 src/main.o

.debug_line     0x00000000     0x9333
 *(.debug_line .debug_line.* .debug_line_end)
 .debug_line    0x00000000      0x3b5 D:/Program Files (x86)/Atmel/7.0/Packs/atmel/XMEGAA_DFP/1.1.68/gcc/dev/atxmega128a1u/avrxmega7/crtatxmega128a1u.o
 .debug_line    0x000003b5      0xf22 src/BNO055Driver.o
 .debug_line    0x000012d7      0xab5 src/drivers/Xbee.o
 .debug_line    0x00001d8c      0x76f src/ASF/common/services/clock/xmega/sysclk.o
 .debug_line    0x000024fb      0x3b7 src/ASF/common/utils/stdio/read.o
 .debug_line    0x000028b2      0x3be src/ASF/common/utils/stdio/write.o
 .debug_line    0x00002c70       0x6e src/ASF/xmega/drivers/cpu/ccp.o
 .debug_line    0x00002cde      0x835 src/ASF/xmega/drivers/rtc/rtc.o
 .debug_line    0x00003513     0x1125 src/ASF/xmega/drivers/tc/tc.o
 .debug_line    0x00004638      0x7b6 src/ASF/xmega/drivers/twi/twim.o
 .debug_line    0x00004dee      0xff3 src/ASF/xmega/drivers/usart/usart.o
 .debug_line    0x00005de1      0x4a9 src/ASF/common/services/ioport/xmega/ioport_compat.o
 .debug_line    0x0000628a      0x512 src/ASF/xmega/boards/xmega_a1u_xplained_pro/board_init.o
 .debug_line    0x0000679c      0xeee src/drivers/I2CDriver.o
 .debug_line    0x0000768a      0xfde src/drivers/uart.o
 .debug_line    0x00008668      0xccb src/main.o

.debug_frame    0x00000000     0x24e4
 *(.debug_frame)
 .debug_frame   0x00000000      0x318 src/BNO055Driver.o
 .debug_frame   0x00000318       0x90 src/drivers/Xbee.o
 .debug_frame   0x000003a8      0x1b4 src/ASF/common/services/clock/xmega/sysclk.o
 .debug_frame   0x0000055c       0x34 src/ASF/common/utils/stdio/read.o
 .debug_frame   0x00000590       0x34 src/ASF/common/utils/stdio/write.o
 .debug_frame   0x000005c4      0x1d0 src/ASF/xmega/drivers/rtc/rtc.o
 .debug_frame   0x00000794     0x1134 src/ASF/xmega/drivers/tc/tc.o
 .debug_frame   0x000018c8      0x2e4 src/ASF/xmega/drivers/twi/twim.o
 .debug_frame   0x00001bac      0x398 src/ASF/xmega/drivers/usart/usart.o
 .debug_frame   0x00001f44       0x34 src/ASF/common/services/ioport/xmega/ioport_compat.o
 .debug_frame   0x00001f78       0x54 src/ASF/xmega/boards/xmega_a1u_xplained_pro/board_init.o
 .debug_frame   0x00001fcc      0x1c8 src/drivers/I2CDriver.o
 .debug_frame   0x00002194      0x1dc src/drivers/uart.o
 .debug_frame   0x00002370      0x174 src/main.o

.debug_str      0x00000000    0x3586d
 *(.debug_str)
 .debug_str     0x00000000     0x2969 D:/Program Files (x86)/Atmel/7.0/Packs/atmel/XMEGAA_DFP/1.1.68/gcc/dev/atxmega128a1u/avrxmega7/crtatxmega128a1u.o
 .debug_str     0x00002969    0x306b7 src/BNO055Driver.o
                              0x30f21 (size before relaxing)
 .debug_str     0x00033020      0x3f3 src/drivers/Xbee.o
                              0x2f9ee (size before relaxing)
 .debug_str     0x00033413      0x2ec src/ASF/common/services/clock/xmega/sysclk.o
                              0x2e0b3 (size before relaxing)
 .debug_str     0x000336ff       0x25 src/ASF/common/utils/stdio/read.o
                              0x2b073 (size before relaxing)
 .debug_str     0x00033724       0x26 src/ASF/common/utils/stdio/write.o
                              0x2b075 (size before relaxing)
 .debug_str     0x0003374a      0x3b7 src/ASF/xmega/drivers/rtc/rtc.o
                              0x2e48e (size before relaxing)
 .debug_str     0x00033b01      0x8fa src/ASF/xmega/drivers/tc/tc.o
                              0x2eaf3 (size before relaxing)
 .debug_str     0x000343fb      0x4be src/ASF/xmega/drivers/twi/twim.o
                              0x2b711 (size before relaxing)
 .debug_str     0x000348b9      0x8f6 src/ASF/xmega/drivers/usart/usart.o
                              0x2f4fa (size before relaxing)
 .debug_str     0x000351af       0x77 src/ASF/common/services/ioport/xmega/ioport_compat.o
                              0x2b70c (size before relaxing)
 .debug_str     0x00035226       0x5c src/ASF/xmega/boards/xmega_a1u_xplained_pro/board_init.o
                              0x2d975 (size before relaxing)
 .debug_str     0x00035282       0xcb src/drivers/I2CDriver.o
                              0x303db (size before relaxing)
 .debug_str     0x0003534d      0x115 src/drivers/uart.o
                              0x303cf (size before relaxing)
 .debug_str     0x00035462      0x40b src/main.o
                              0x31634 (size before relaxing)

.debug_loc      0x00000000     0x5242
 *(.debug_loc)
 .debug_loc     0x00000000      0x6ad src/BNO055Driver.o
 .debug_loc     0x000006ad      0x10c src/drivers/Xbee.o
 .debug_loc     0x000007b9      0x39b src/ASF/common/services/clock/xmega/sysclk.o
 .debug_loc     0x00000b54       0x48 src/ASF/common/utils/stdio/read.o
 .debug_loc     0x00000b9c       0x48 src/ASF/common/utils/stdio/write.o
 .debug_loc     0x00000be4      0x3d9 src/ASF/xmega/drivers/rtc/rtc.o
 .debug_loc     0x00000fbd     0x2908 src/ASF/xmega/drivers/tc/tc.o
 .debug_loc     0x000038c5      0x691 src/ASF/xmega/drivers/twi/twim.o
 .debug_loc     0x00003f56      0x7bc src/ASF/xmega/drivers/usart/usart.o
 .debug_loc     0x00004712       0x48 src/ASF/common/services/ioport/xmega/ioport_compat.o
 .debug_loc     0x0000475a       0x82 src/ASF/xmega/boards/xmega_a1u_xplained_pro/board_init.o
 .debug_loc     0x000047dc      0x398 src/drivers/I2CDriver.o
 .debug_loc     0x00004b74      0x400 src/drivers/uart.o
 .debug_loc     0x00004f74      0x2ce src/main.o

.debug_macinfo
 *(.debug_macinfo)

.debug_weaknames
 *(.debug_weaknames)

.debug_funcnames
 *(.debug_funcnames)

.debug_typenames
 *(.debug_typenames)

.debug_varnames
 *(.debug_varnames)

.debug_pubtypes
 *(.debug_pubtypes)

.debug_ranges   0x00000000      0x638
 *(.debug_ranges)
 .debug_ranges  0x00000000       0x90 src/BNO055Driver.o
 .debug_ranges  0x00000090       0x20 src/drivers/Xbee.o
 .debug_ranges  0x000000b0       0x70 src/ASF/common/services/clock/xmega/sysclk.o
 .debug_ranges  0x00000120       0x10 src/ASF/common/utils/stdio/read.o
 .debug_ranges  0x00000130       0x10 src/ASF/common/utils/stdio/write.o
 .debug_ranges  0x00000140       0x60 src/ASF/xmega/drivers/rtc/rtc.o
 .debug_ranges  0x000001a0      0x1a8 src/ASF/xmega/drivers/tc/tc.o
 .debug_ranges  0x00000348       0x90 src/ASF/xmega/drivers/twi/twim.o
 .debug_ranges  0x000003d8      0x108 src/ASF/xmega/drivers/usart/usart.o
 .debug_ranges  0x000004e0       0x10 src/ASF/common/services/ioport/xmega/ioport_compat.o
 .debug_ranges  0x000004f0       0x18 src/ASF/xmega/boards/xmega_a1u_xplained_pro/board_init.o
 .debug_ranges  0x00000508       0x70 src/drivers/I2CDriver.o
 .debug_ranges  0x00000578       0x70 src/drivers/uart.o
 .debug_ranges  0x000005e8       0x50 src/main.o

.debug_macro    0x00000000     0x3d0f
 *(.debug_macro)
 .debug_macro   0x00000000      0x3af src/BNO055Driver.o
 .debug_macro   0x000003af       0x34 src/BNO055Driver.o
 .debug_macro   0x000003e3       0x23 src/BNO055Driver.o
 .debug_macro   0x00000406       0x22 src/BNO055Driver.o
 .debug_macro   0x00000428      0x2c6 src/BNO055Driver.o
 .debug_macro   0x000006ee      0x530 src/BNO055Driver.o
 .debug_macro   0x00000c1e       0x7d src/BNO055Driver.o
 .debug_macro   0x00000c9b       0x2f src/BNO055Driver.o
 .debug_macro   0x00000cca      0x154 src/BNO055Driver.o
 .debug_macro   0x00000e1e       0x28 src/BNO055Driver.o
 .debug_macro   0x00000e46       0x23 src/BNO055Driver.o
 .debug_macro   0x00000e69       0x9a src/BNO055Driver.o
 .debug_macro   0x00000f03      0x109 src/BNO055Driver.o
 .debug_macro   0x0000100c       0x40 src/BNO055Driver.o
 .debug_macro   0x0000104c       0x26 src/BNO055Driver.o
 .debug_macro   0x00001072       0x1c src/BNO055Driver.o
 .debug_macro   0x0000108e       0x42 src/BNO055Driver.o
 .debug_macro   0x000010d0       0x10 src/BNO055Driver.o
 .debug_macro   0x000010e0       0x58 src/BNO055Driver.o
 .debug_macro   0x00001138       0x10 src/BNO055Driver.o
 .debug_macro   0x00001148       0xf2 src/BNO055Driver.o
 .debug_macro   0x0000123a       0x3a src/BNO055Driver.o
 .debug_macro   0x00001274       0x18 src/BNO055Driver.o
 .debug_macro   0x0000128c       0x16 src/BNO055Driver.o
 .debug_macro   0x000012a2       0x22 src/BNO055Driver.o
 .debug_macro   0x000012c4       0x10 src/BNO055Driver.o
 .debug_macro   0x000012d4       0x28 src/BNO055Driver.o
 .debug_macro   0x000012fc       0x16 src/BNO055Driver.o
 .debug_macro   0x00001312      0x450 src/BNO055Driver.o
 .debug_macro   0x00001762      0x3af src/drivers/Xbee.o
 .debug_macro   0x00001b11       0x34 src/drivers/Xbee.o
 .debug_macro   0x00001b45       0x34 src/drivers/Xbee.o
 .debug_macro   0x00001b79      0x1eb src/ASF/common/services/clock/xmega/sysclk.o
 .debug_macro   0x00001d64      0x16d src/ASF/common/utils/stdio/read.o
 .debug_macro   0x00001ed1      0x16d src/ASF/common/utils/stdio/write.o
 .debug_macro   0x0000203e      0x237 src/ASF/xmega/drivers/rtc/rtc.o
 .debug_macro   0x00002275      0x235 src/ASF/xmega/drivers/tc/tc.o
 .debug_macro   0x000024aa      0x302 src/ASF/xmega/drivers/tc/tc.o
 .debug_macro   0x000027ac       0x12 src/ASF/xmega/drivers/tc/tc.o
 .debug_macro   0x000027be      0x198 src/ASF/xmega/drivers/twi/twim.o
 .debug_macro   0x00002956      0x233 src/ASF/xmega/drivers/usart/usart.o
 .debug_macro   0x00002b89      0x195 src/ASF/common/services/ioport/xmega/ioport_compat.o
 .debug_macro   0x00002d1e      0x1be src/ASF/xmega/boards/xmega_a1u_xplained_pro/board_init.o
 .debug_macro   0x00002edc      0x2c0 src/ASF/xmega/boards/xmega_a1u_xplained_pro/board_init.o
 .debug_macro   0x0000319c      0x3a6 src/drivers/I2CDriver.o
 .debug_macro   0x00003542      0x3aa src/drivers/uart.o
 .debug_macro   0x000038ec      0x3ef src/main.o
 .debug_macro   0x00003cdb       0x34 src/main.o
OUTPUT(Prototype.elf elf32-avr)
LOAD linker stubs

.BOOT           0x00020000        0x0
