Archive member included to satisfy reference by file (symbol)

d:/program files (x86)/atmel/7.0/toolchain/avr8/avr8-gnu-toolchain/bin/../lib/gcc/avr/5.4.0/avrxmega7\libgcc.a(_udivmodsi4.o)
                              src/ASF/xmega/drivers/spi/spi.o (__udivmodsi4)
d:/program files (x86)/atmel/7.0/toolchain/avr8/avr8-gnu-toolchain/bin/../lib/gcc/avr/5.4.0/avrxmega7\libgcc.a(_exit.o)
                              D:/Program Files (x86)/Atmel/7.0/Packs/atmel/XMEGAA_DFP/1.1.68/gcc/dev/atxmega128a1u/avrxmega7/crtatxmega128a1u.o (exit)
d:/program files (x86)/atmel/7.0/toolchain/avr8/avr8-gnu-toolchain/bin/../lib/gcc/avr/5.4.0/avrxmega7\libgcc.a(_copy_data.o)
                              src/ASF/common/services/sleepmgr/xmega/sleepmgr.o (__do_copy_data)
d:/program files (x86)/atmel/7.0/toolchain/avr8/avr8-gnu-toolchain/bin/../lib/gcc/avr/5.4.0/avrxmega7\libgcc.a(_clear_bss.o)
                              src/ASF/common/services/sleepmgr/xmega/sleepmgr.o (__do_clear_bss)
d:/program files (x86)/atmel/7.0/toolchain/avr8/avr8-gnu-toolchain/bin/../lib/gcc/avr/5.4.0/../../../../avr/lib/avrxmega7\libc.a(memcpy.o)
                              src/ASF/xmega/drivers/nvm/nvm.o (memcpy)
d:/program files (x86)/atmel/7.0/toolchain/avr8/avr8-gnu-toolchain/bin/../lib/gcc/avr/5.4.0/../../../../avr/lib/avrxmega7\libc.a(fdevopen.o)
                              src/drivers/uart.o (fdevopen)
d:/program files (x86)/atmel/7.0/toolchain/avr8/avr8-gnu-toolchain/bin/../lib/gcc/avr/5.4.0/../../../../avr/lib/avrxmega7\libc.a(iob.o)
                              d:/program files (x86)/atmel/7.0/toolchain/avr8/avr8-gnu-toolchain/bin/../lib/gcc/avr/5.4.0/../../../../avr/lib/avrxmega7\libc.a(fdevopen.o) (__iob)
d:/program files (x86)/atmel/7.0/toolchain/avr8/avr8-gnu-toolchain/bin/../lib/gcc/avr/5.4.0/../../../../avr/lib/avrxmega7\libc.a(printf.o)
                              src/main.o (printf)
d:/program files (x86)/atmel/7.0/toolchain/avr8/avr8-gnu-toolchain/bin/../lib/gcc/avr/5.4.0/../../../../avr/lib/avrxmega7\libc.a(puts.o)
                              src/main.o (puts)
d:/program files (x86)/atmel/7.0/toolchain/avr8/avr8-gnu-toolchain/bin/../lib/gcc/avr/5.4.0/../../../../avr/lib/avrxmega7\libc.a(vfprintf_std.o)
                              d:/program files (x86)/atmel/7.0/toolchain/avr8/avr8-gnu-toolchain/bin/../lib/gcc/avr/5.4.0/../../../../avr/lib/avrxmega7\libc.a(printf.o) (vfprintf)
d:/program files (x86)/atmel/7.0/toolchain/avr8/avr8-gnu-toolchain/bin/../lib/gcc/avr/5.4.0/../../../../avr/lib/avrxmega7\libc.a(calloc.o)
                              d:/program files (x86)/atmel/7.0/toolchain/avr8/avr8-gnu-toolchain/bin/../lib/gcc/avr/5.4.0/../../../../avr/lib/avrxmega7\libc.a(fdevopen.o) (calloc)
d:/program files (x86)/atmel/7.0/toolchain/avr8/avr8-gnu-toolchain/bin/../lib/gcc/avr/5.4.0/../../../../avr/lib/avrxmega7\libc.a(malloc.o)
                              d:/program files (x86)/atmel/7.0/toolchain/avr8/avr8-gnu-toolchain/bin/../lib/gcc/avr/5.4.0/../../../../avr/lib/avrxmega7\libc.a(calloc.o) (malloc)
d:/program files (x86)/atmel/7.0/toolchain/avr8/avr8-gnu-toolchain/bin/../lib/gcc/avr/5.4.0/../../../../avr/lib/avrxmega7\libc.a(strnlen_P.o)
                              d:/program files (x86)/atmel/7.0/toolchain/avr8/avr8-gnu-toolchain/bin/../lib/gcc/avr/5.4.0/../../../../avr/lib/avrxmega7\libc.a(vfprintf_std.o) (strnlen_P)
d:/program files (x86)/atmel/7.0/toolchain/avr8/avr8-gnu-toolchain/bin/../lib/gcc/avr/5.4.0/../../../../avr/lib/avrxmega7\libc.a(memset.o)
                              d:/program files (x86)/atmel/7.0/toolchain/avr8/avr8-gnu-toolchain/bin/../lib/gcc/avr/5.4.0/../../../../avr/lib/avrxmega7\libc.a(calloc.o) (memset)
d:/program files (x86)/atmel/7.0/toolchain/avr8/avr8-gnu-toolchain/bin/../lib/gcc/avr/5.4.0/../../../../avr/lib/avrxmega7\libc.a(strnlen.o)
                              d:/program files (x86)/atmel/7.0/toolchain/avr8/avr8-gnu-toolchain/bin/../lib/gcc/avr/5.4.0/../../../../avr/lib/avrxmega7\libc.a(vfprintf_std.o) (strnlen)
d:/program files (x86)/atmel/7.0/toolchain/avr8/avr8-gnu-toolchain/bin/../lib/gcc/avr/5.4.0/../../../../avr/lib/avrxmega7\libc.a(fputc.o)
                              d:/program files (x86)/atmel/7.0/toolchain/avr8/avr8-gnu-toolchain/bin/../lib/gcc/avr/5.4.0/../../../../avr/lib/avrxmega7\libc.a(vfprintf_std.o) (fputc)
d:/program files (x86)/atmel/7.0/toolchain/avr8/avr8-gnu-toolchain/bin/../lib/gcc/avr/5.4.0/../../../../avr/lib/avrxmega7\libc.a(ultoa_invert.o)
                              d:/program files (x86)/atmel/7.0/toolchain/avr8/avr8-gnu-toolchain/bin/../lib/gcc/avr/5.4.0/../../../../avr/lib/avrxmega7\libc.a(vfprintf_std.o) (__ultoa_invert)

Allocating common symbols
Common symbol       size              file

rtc_data            0x8               src/ASF/xmega/drivers/rtc/rtc.o
ptr_get             0x2               src/ASF/common/utils/stdio/read.o
[...]
Memory Configuration

Name             Origin             Length             Attributes
text             0x00000000         0x00100000         xr
data             0x00802000         0x0000ffa0         rw !x
eeprom           0x00810000         0x00010000         rw !x
fuse             0x00820000         0x00000006         rw !x
lock             0x00830000         0x00000400         rw !x
signature        0x00840000         0x00000400         rw !x
user_signatures  0x00850000         0x00000400         rw !x
*default*        0x00000000         0xffffffff

Linker script and memory map

LOAD D:/Program Files (x86)/Atmel/7.0/Packs/atmel/XMEGAA_DFP/1.1.68/gcc/dev/atxmega128a1u/avrxmega7/crtatxmega128a1u.o
LOAD src/ASF/common/services/clock/xmega/sysclk.o
LOAD src/ASF/common/services/serial/usart_serial.o
LOAD src/ASF/common/services/sleepmgr/xmega/sleepmgr.o
LOAD src/ASF/common/utils/stdio/read.o
LOAD src/ASF/common/utils/stdio/write.o
LOAD src/ASF/xmega/drivers/cpu/ccp.o
LOAD src/ASF/xmega/drivers/nvm/nvm.o
LOAD src/ASF/xmega/drivers/nvm/nvm_asm.o
LOAD src/ASF/xmega/drivers/rtc/rtc.o
LOAD src/ASF/xmega/drivers/spi/spi.o
LOAD src/ASF/xmega/drivers/tc/tc.o
LOAD src/ASF/xmega/drivers/twi/twim.o
LOAD src/ASF/xmega/drivers/twi/twis.o
LOAD src/ASF/xmega/drivers/usart/usart.o
LOAD src/drivers/bno055.o
LOAD src/ASF/common/services/ioport/xmega/ioport_compat.o
LOAD src/ASF/xmega/boards/xmega_a1u_xplained_pro/board_init.o
LOAD src/drivers/I2CDriver.o
LOAD src/drivers/mybno055.o
LOAD src/drivers/uart.o
LOAD src/main.o
START GROUP
LOAD d:/program files (x86)/atmel/7.0/toolchain/avr8/avr8-gnu-toolchain/bin/../lib/gcc/avr/5.4.0/../../../../avr/lib/avrxmega7\libm.a
END GROUP
Address of section .BOOT set to 0x20000
START GROUP
LOAD d:/program files (x86)/atmel/7.0/toolchain/avr8/avr8-gnu-toolchain/bin/../lib/gcc/avr/5.4.0/avrxmega7\libgcc.a
LOAD d:/program files (x86)/atmel/7.0/toolchain/avr8/avr8-gnu-toolchain/bin/../lib/gcc/avr/5.4.0/../../../../avr/lib/avrxmega7\libm.a
LOAD d:/program files (x86)/atmel/7.0/toolchain/avr8/avr8-gnu-toolchain/bin/../lib/gcc/avr/5.4.0/../../../../avr/lib/avrxmega7\libc.a
LOAD D:/Program Files (x86)/Atmel/7.0/Packs/atmel/XMEGAA_DFP/1.1.68/gcc/dev/atxmega128a1u/avrxmega7\libatxmega128a1u.a
END GROUP
                0x00100000                __TEXT_REGION_LENGTH__ = DEFINED (__TEXT_REGION_LENGTH__)?__TEXT_REGION_LENGTH__:0x100000
                0x0000ffa0                __DATA_REGION_LENGTH__ = DEFINED (__DATA_REGION_LENGTH__)?__DATA_REGION_LENGTH__:0xffa0
                0x00010000                __EEPROM_REGION_LENGTH__ = DEFINED (__EEPROM_REGION_LENGTH__)?__EEPROM_REGION_LENGTH__:0x10000
                [0x00000006]                __FUSE_REGION_LENGTH__ = DEFINED (__FUSE_REGION_LENGTH__)?__FUSE_REGION_LENGTH__:0x400
                0x00000400                __LOCK_REGION_LENGTH__ = DEFINED (__LOCK_REGION_LENGTH__)?__LOCK_REGION_LENGTH__:0x400
                0x00000400                __SIGNATURE_REGION_LENGTH__ = DEFINED (__SIGNATURE_REGION_LENGTH__)?__SIGNATURE_REGION_LENGTH__:0x400
                0x00000400                __USER_SIGNATURE_REGION_LENGTH__ = DEFINED (__USER_SIGNATURE_REGION_LENGTH__)?__USER_SIGNATURE_REGION_LENGTH__:0x400

.hash
 *(.hash)

.dynsym
 *(.dynsym)

.dynstr
 *(.dynstr)

.gnu.version
 *(.gnu.version)

.gnu.version_d
 *(.gnu.version_d)

.gnu.version_r
 *(.gnu.version_r)

.rel.init
 *(.rel.init)

.rela.init
 *(.rela.init)

.rel.text
 *(.rel.text)
 *(.rel.text.*)
 *(.rel.gnu.linkonce.t*)

.rela.text
 *(.rela.text)
 *(.rela.text.*)
 *(.rela.gnu.linkonce.t*)

.rel.fini
 *(.rel.fini)

.rela.fini
 *(.rela.fini)

.rel.rodata
 *(.rel.rodata)
 *(.rel.rodata.*)
 *(.rel.gnu.linkonce.r*)

.rela.rodata
 *(.rela.rodata)
 *(.rela.rodata.*)
 *(.rela.gnu.linkonce.r*)

.rel.data
 *(.rel.data)
 *(.rel.data.*)
 *(.rel.gnu.linkonce.d*)

.rela.data
 *(.rela.data)
 *(.rela.data.*)
 *(.rela.gnu.linkonce.d*)

.rel.ctors
 *(.rel.ctors)

.rela.ctors
 *(.rela.ctors)

.rel.dtors
 *(.rel.dtors)

.rela.dtors
 *(.rela.dtors)

.rel.got
 *(.rel.got)

.rela.got
 *(.rela.got)

.rel.bss
 *(.rel.bss)

.rela.bss
 *(.rela.bss)

.rel.plt
 *(.rel.plt)

.rela.plt
 *(.rela.plt)

.text           0x00000000     0x2f08
 *(.vectors)
 .vectors       0x00000000      0x1fc D:/Program Files (x86)/Atmel/7.0/Packs/atmel/XMEGAA_DFP/1.1.68/gcc/dev/atxmega128a1u/avrxmega7/crtatxmega128a1u.o
                0x00000000                __vector_default
                0x00000000                __vectors
 *(.vectors)
 *(.progmem.gcc*)
                0x000001fc                . = ALIGN (0x2)
                0x000001fc                __trampolines_start = .
 *(.trampolines)
 .trampolines   0x000001fc        0x0 linker stubs
 *(.trampolines*)
                0x000001fc                __trampolines_end = .
 *libprintf_flt.a:*(.progmem.data)
 *libc.a:*(.progmem.data)
 *(.progmem*)
                0x000001fc                . = ALIGN (0x2)
 *(.jumptables)
 *(.jumptables*)
 *(.lowtext)
 *(.lowtext*)
                0x000001fc                __ctors_start = .
 *(.ctors)
                0x000001fc                __ctors_end = .
                0x000001fc                __dtors_start = .
 *(.dtors)
                0x000001fc                __dtors_end = .
 SORT(*)(.ctors)
 SORT(*)(.dtors)
 *(.init0)
 .init0         0x000001fc        0x0 D:/Program Files (x86)/Atmel/7.0/Packs/atmel/XMEGAA_DFP/1.1.68/gcc/dev/atxmega128a1u/avrxmega7/crtatxmega128a1u.o
                0x000001fc                __init
 *(.init0)
 *(.init1)
 *(.init1)
 *(.init2)
 .init2         0x000001fc       0x18 D:/Program Files (x86)/Atmel/7.0/Packs/atmel/XMEGAA_DFP/1.1.68/gcc/dev/atxmega128a1u/avrxmega7/crtatxmega128a1u.o
 *(.init2)
 *(.init3)
 *(.init3)
 *(.init4)
 .init4         0x00000214       0x1c d:/program files (x86)/atmel/7.0/toolchain/avr8/avr8-gnu-toolchain/bin/../lib/gcc/avr/5.4.0/avrxmega7\libgcc.a(_copy_data.o)
                0x00000214                __do_copy_data
 .init4         0x00000230       0x10 d:/program files (x86)/atmel/7.0/toolchain/avr8/avr8-gnu-toolchain/bin/../lib/gcc/avr/5.4.0/avrxmega7\libgcc.a(_clear_bss.o)
                0x00000230                __do_clear_bss
 *(.init4)
 *(.init5)
 *(.init5)
 *(.init6)
 *(.init6)
 *(.init7)
 *(.init7)
 *(.init8)
 *(.init8)
 *(.init9)
 .init9         0x00000240        0x8 D:/Program Files (x86)/Atmel/7.0/Packs/atmel/XMEGAA_DFP/1.1.68/gcc/dev/atxmega128a1u/avrxmega7/crtatxmega128a1u.o
 *(.init9)
 *(.text)
 .text          0x00000248        0x2 D:/Program Files (x86)/Atmel/7.0/Packs/atmel/XMEGAA_DFP/1.1.68/gcc/dev/atxmega128a1u/avrxmega7/crtatxmega128a1u.o
                0x00000248                __vector_38
                0x00000248                __vector_104
                0x00000248                __vector_63
                0x00000248                __vector_28
                0x00000248                __vector_67
                0x00000248                __vector_1
                0x00000248                __vector_119
                0x00000248                __vector_32
                0x00000248                __vector_75
                0x00000248                __vector_71
                0x00000248                __vector_91
                0x00000248                __vector_34
                0x00000248                __vector_62
                0x00000248                __vector_102
                0x00000248                __vector_24
                0x00000248                __vector_12
                0x00000248                __vector_69
                0x00000248                __vector_90
                0x00000248                __bad_interrupt
                0x00000248                __vector_122
                0x00000248                __vector_72
                0x00000248                __vector_6
                0x00000248                __vector_31
                0x00000248                __vector_92
                0x00000248                __vector_35
                0x00000248                __vector_74
                0x00000248                __vector_39
                0x00000248                __vector_3
                0x00000248                __vector_105
                0x00000248                __vector_98
                0x00000248                __vector_68
                0x00000248                __vector_30
                0x00000248                __vector_73
                0x00000248                __vector_45
                0x00000248                __vector_25
                0x00000248                __vector_93
                0x00000248                __vector_61
                0x00000248                __vector_99
                0x00000248                __vector_7
                0x00000248                __vector_125
                0x00000248                __vector_123
                0x00000248                __vector_41
                0x00000248                __vector_100
                0x00000248                __vector_101
                0x00000248                __vector_64
                0x00000248                __vector_88
                0x00000248                __vector_43
                0x00000248                __vector_27
                0x00000248                __vector_5
                0x00000248                __vector_33
                0x00000248                __vector_37
                0x00000248                __vector_95
                0x00000248                __vector_103
                0x00000248                __vector_96
                0x00000248                __vector_89
                0x00000248                __vector_4
                0x00000248                __vector_44
                0x00000248                __vector_106
                0x00000248                __vector_118
                0x00000248                __vector_9
                0x00000248                __vector_2
                0x00000248                __vector_66
                0x00000248                __vector_36
                0x00000248                __vector_58
                0x00000248                __vector_70
                0x00000248                __vector_29
                0x00000248                __vector_60
                0x00000248                __vector_121
                0x00000248                __vector_40
                0x00000248                __vector_94
                0x00000248                __vector_126
                0x00000248                __vector_8
                0x00000248                __vector_26
                0x00000248                __vector_124
                0x00000248                __vector_57
                0x00000248                __vector_59
                0x00000248                __vector_97
                0x00000248                __vector_42
                0x00000248                __vector_87
                0x00000248                __vector_65
                0x00000248                __vector_120
                0x0000024a                . = ALIGN (0x2)
 *(.text.*)
 .text.sysclk_init
                0x0000024a       0x6a src/ASF/common/services/clock/xmega/sysclk.o
                0x0000024a                sysclk_init
 .text.sysclk_enable_module
                0x000002b4       0x2c src/ASF/common/services/clock/xmega/sysclk.o
                0x000002b4                sysclk_enable_module
 .text._read    0x000002e0       0x32 src/ASF/common/utils/stdio/read.o
                0x000002e0                _read
 .text._write   0x00000312       0x24 src/ASF/common/utils/stdio/write.o
                0x00000312                _write
 .text.ccp_write_io
                0x00000336        0xc src/ASF/xmega/drivers/cpu/ccp.o
                0x00000336                ccp_write_io
 .text.__vector_10
                0x00000342       0x46 src/ASF/xmega/drivers/rtc/rtc.o
                0x00000342                __vector_10
 .text.__vector_11
                0x00000388      0x108 src/ASF/xmega/drivers/rtc/rtc.o
                0x00000388                __vector_11
 .text.__vector_14
                0x00000490       0x70 src/ASF/xmega/drivers/tc/tc.o
                0x00000490                __vector_14
 .text.__vector_15
                0x00000500       0x70 src/ASF/xmega/drivers/tc/tc.o
                0x00000500                __vector_15
 .text.__vector_16
                0x00000570       0x70 src/ASF/xmega/drivers/tc/tc.o
                0x00000570                __vector_16
 .text.__vector_17
                0x000005e0       0x70 src/ASF/xmega/drivers/tc/tc.o
                0x000005e0                __vector_17
 .text.__vector_18
                0x00000650       0x70 src/ASF/xmega/drivers/tc/tc.o
                0x00000650                __vector_18
 .text.__vector_19
                0x000006c0       0x70 src/ASF/xmega/drivers/tc/tc.o
                0x000006c0                __vector_19
 .text.__vector_20
                0x00000730       0x70 src/ASF/xmega/drivers/tc/tc.o
                0x00000730                __vector_20
 .text.__vector_21
                0x000007a0       0x70 src/ASF/xmega/drivers/tc/tc.o
                0x000007a0                __vector_21
 .text.__vector_22
                0x00000810       0x70 src/ASF/xmega/drivers/tc/tc.o
                0x00000810                __vector_22
 .text.__vector_23
                0x00000880       0x70 src/ASF/xmega/drivers/tc/tc.o
                0x00000880                __vector_23
 .text.__vector_77
                0x000008f0       0x70 src/ASF/xmega/drivers/tc/tc.o
                0x000008f0                __vector_77
 .text.__vector_78
                0x00000960       0x70 src/ASF/xmega/drivers/tc/tc.o
                0x00000960                __vector_78
 .text.__vector_79
                0x000009d0       0x70 src/ASF/xmega/drivers/tc/tc.o
                0x000009d0                __vector_79
 .text.__vector_80
                0x00000a40       0x70 src/ASF/xmega/drivers/tc/tc.o
                0x00000a40                __vector_80
 .text.__vector_81
                0x00000ab0       0x70 src/ASF/xmega/drivers/tc/tc.o
                0x00000ab0                __vector_81
 .text.__vector_82
                0x00000b20       0x70 src/ASF/xmega/drivers/tc/tc.o
                0x00000b20                __vector_82
 .text.__vector_83
                0x00000b90       0x70 src/ASF/xmega/drivers/tc/tc.o
                0x00000b90                __vector_83
 .text.__vector_84
                0x00000c00       0x70 src/ASF/xmega/drivers/tc/tc.o
                0x00000c00                __vector_84
 .text.__vector_85
                0x00000c70       0x70 src/ASF/xmega/drivers/tc/tc.o
                0x00000c70                __vector_85
 .text.__vector_86
                0x00000ce0       0x70 src/ASF/xmega/drivers/tc/tc.o
                0x00000ce0                __vector_86
 .text.__vector_47
                0x00000d50       0x70 src/ASF/xmega/drivers/tc/tc.o
                0x00000d50                __vector_47
 .text.__vector_48
                0x00000dc0       0x70 src/ASF/xmega/drivers/tc/tc.o
                0x00000dc0                __vector_48
 .text.__vector_49
                0x00000e30       0x70 src/ASF/xmega/drivers/tc/tc.o
                0x00000e30                __vector_49
 .text.__vector_50
                0x00000ea0       0x70 src/ASF/xmega/drivers/tc/tc.o
                0x00000ea0                __vector_50
 .text.__vector_51
                0x00000f10       0x70 src/ASF/xmega/drivers/tc/tc.o
                0x00000f10                __vector_51
 .text.__vector_52
                0x00000f80       0x70 src/ASF/xmega/drivers/tc/tc.o
                0x00000f80                __vector_52
 .text.__vector_53
                0x00000ff0       0x70 src/ASF/xmega/drivers/tc/tc.o
                0x00000ff0                __vector_53
 .text.__vector_54
                0x00001060       0x70 src/ASF/xmega/drivers/tc/tc.o
                0x00001060                __vector_54
 .text.__vector_55
                0x000010d0       0x70 src/ASF/xmega/drivers/tc/tc.o
                0x000010d0                __vector_55
 .text.__vector_56
                0x00001140       0x70 src/ASF/xmega/drivers/tc/tc.o
                0x00001140                __vector_56
 .text.__vector_108
                0x000011b0       0x70 src/ASF/xmega/drivers/tc/tc.o
                0x000011b0                __vector_108
 .text.__vector_109
                0x00001220       0x70 src/ASF/xmega/drivers/tc/tc.o
                0x00001220                __vector_109
 .text.__vector_110
                0x00001290       0x70 src/ASF/xmega/drivers/tc/tc.o
                0x00001290                __vector_110
 .text.__vector_111
                0x00001300       0x70 src/ASF/xmega/drivers/tc/tc.o
                0x00001300                __vector_111
 .text.__vector_112
                0x00001370       0x70 src/ASF/xmega/drivers/tc/tc.o
                0x00001370                __vector_112
 .text.__vector_113
                0x000013e0       0x70 src/ASF/xmega/drivers/tc/tc.o
                0x000013e0                __vector_113
 .text.__vector_114
                0x00001450       0x70 src/ASF/xmega/drivers/tc/tc.o
                0x00001450                __vector_114
 .text.__vector_115
                0x000014c0       0x70 src/ASF/xmega/drivers/tc/tc.o
                0x000014c0                __vector_115
 .text.__vector_116
                0x00001530       0x70 src/ASF/xmega/drivers/tc/tc.o
                0x00001530                __vector_116
 .text.__vector_117
                0x000015a0       0x70 src/ASF/xmega/drivers/tc/tc.o
                0x000015a0                __vector_117
 .text.twim_interrupt_handler
                0x00001610      0x12e src/ASF/xmega/drivers/twi/twim.o
 .text.__vector_13
                0x0000173e       0x64 src/ASF/xmega/drivers/twi/twim.o
                0x0000173e                __vector_13
 .text.__vector_76
                0x000017a2       0x64 src/ASF/xmega/drivers/twi/twim.o
                0x000017a2                __vector_76
 .text.__vector_46
                0x00001806       0x64 src/ASF/xmega/drivers/twi/twim.o
                0x00001806                __vector_46
 .text.__vector_107
                0x0000186a       0x64 src/ASF/xmega/drivers/twi/twim.o
                0x0000186a                __vector_107
 .text.twi_master_init
                0x000018ce       0x2a src/ASF/xmega/drivers/twi/twim.o
                0x000018ce                twi_master_init
 .text.twi_master_transfer
                0x000018f8       0xc8 src/ASF/xmega/drivers/twi/twim.o
                0x000018f8                twi_master_transfer
 .text.usart_putchar
                0x000019c0       0x10 src/ASF/xmega/drivers/usart/usart.o
                0x000019c0                usart_putchar
 .text.usart_getchar
                0x000019d0        0xc src/ASF/xmega/drivers/usart/usart.o
                0x000019d0                usart_getchar
 .text.usart_set_baudrate
                0x000019dc      0x21e src/ASF/xmega/drivers/usart/usart.o
                0x000019dc                usart_set_baudrate
 .text.usart_init_rs232
                0x00001bfa      0x310 src/ASF/xmega/drivers/usart/usart.o
                0x00001bfa                usart_init_rs232
 .text.ioport_configure_port_pin
                0x00001f0a       0x4e src/ASF/common/services/ioport/xmega/ioport_compat.o
                0x00001f0a                ioport_configure_port_pin
 .text.board_init
                0x00001f58       0x1a src/ASF/xmega/boards/xmega_a1u_xplained_pro/board_init.o
                0x00001f58                board_init
 .text.I2CInit  0x00001f72       0x78 src/drivers/I2CDriver.o
                0x00001f72                I2CInit
 .text.twi_read
                0x00001fea       0x46 src/drivers/I2CDriver.o
                0x00001fea                twi_read
 .text.BNO_Read
                0x00002030        0x8 src/drivers/mybno055.o
                0x00002030                BNO_Read
 .text.WhoAmIBNO
                0x00002038       0x20 src/drivers/mybno055.o
                0x00002038                WhoAmIBNO
 .text.usart_serial_getchar
                0x00002058       0x10 src/drivers/uart.o
 .text.usart_serial_putchar
                0x00002068        0x4 src/drivers/uart.o
 .text.uart_init
                0x0000206c      0x440 src/drivers/uart.o
                0x0000206c                uart_init
 .text.openlog_init
                0x000024ac       0x2c src/drivers/uart.o
                0x000024ac                openlog_init
 .text.uart_terminal_init
                0x000024d8       0x8e src/drivers/uart.o
                0x000024d8                uart_terminal_init
 .text.__portable_avr_delay_cycles
                0x00002566       0x16 src/main.o
 .text.main     0x0000257c       0x58 src/main.o
                0x0000257c                main
 .text.libgcc.div
                0x000025d4       0x44 d:/program files (x86)/atmel/7.0/toolchain/avr8/avr8-gnu-toolchain/bin/../lib/gcc/avr/5.4.0/avrxmega7\libgcc.a(_udivmodsi4.o)
                0x000025d4                __udivmodsi4
 .text.avr-libc
                0x00002618       0x94 d:/program files (x86)/atmel/7.0/toolchain/avr8/avr8-gnu-toolchain/bin/../lib/gcc/avr/5.4.0/../../../../avr/lib/avrxmega7\libc.a(fdevopen.o)
                0x00002618                fdevopen
 .text.avr-libc
                0x000026ac       0x26 d:/program files (x86)/atmel/7.0/toolchain/avr8/avr8-gnu-toolchain/bin/../lib/gcc/avr/5.4.0/../../../../avr/lib/avrxmega7\libc.a(printf.o)
                0x000026ac                printf
 .text.avr-libc
                0x000026d2       0x60 d:/program files (x86)/atmel/7.0/toolchain/avr8/avr8-gnu-toolchain/bin/../lib/gcc/avr/5.4.0/../../../../avr/lib/avrxmega7\libc.a(puts.o)
                0x000026d2                puts
 .text.avr-libc
                0x00002732      0x3ee d:/program files (x86)/atmel/7.0/toolchain/avr8/avr8-gnu-toolchain/bin/../lib/gcc/avr/5.4.0/../../../../avr/lib/avrxmega7\libc.a(vfprintf_std.o)
                0x00002732                vfprintf
 .text.avr-libc
                0x00002b20       0x34 d:/program files (x86)/atmel/7.0/toolchain/avr8/avr8-gnu-toolchain/bin/../lib/gcc/avr/5.4.0/../../../../avr/lib/avrxmega7\libc.a(calloc.o)
                0x00002b20                calloc
 .text.avr-libc
                0x00002b54      0x242 d:/program files (x86)/atmel/7.0/toolchain/avr8/avr8-gnu-toolchain/bin/../lib/gcc/avr/5.4.0/../../../../avr/lib/avrxmega7\libc.a(malloc.o)
                0x00002b54                malloc
                0x00002c84                free
 .text.avr-libc
                0x00002d96       0x16 d:/program files (x86)/atmel/7.0/toolchain/avr8/avr8-gnu-toolchain/bin/../lib/gcc/avr/5.4.0/../../../../avr/lib/avrxmega7\libc.a(strnlen_P.o)
                0x00002d96                strnlen_P
 .text.avr-libc
                0x00002dac        0xe d:/program files (x86)/atmel/7.0/toolchain/avr8/avr8-gnu-toolchain/bin/../lib/gcc/avr/5.4.0/../../../../avr/lib/avrxmega7\libc.a(memset.o)
                0x00002dac                memset
 .text.avr-libc
                0x00002dba       0x16 d:/program files (x86)/atmel/7.0/toolchain/avr8/avr8-gnu-toolchain/bin/../lib/gcc/avr/5.4.0/../../../../avr/lib/avrxmega7\libc.a(strnlen.o)
                0x00002dba                strnlen
 .text.avr-libc
                0x00002dd0       0x78 d:/program files (x86)/atmel/7.0/toolchain/avr8/avr8-gnu-toolchain/bin/../lib/gcc/avr/5.4.0/../../../../avr/lib/avrxmega7\libc.a(fputc.o)
                0x00002dd0                fputc
 .text.avr-libc
                0x00002e48       0xbc d:/program files (x86)/atmel/7.0/toolchain/avr8/avr8-gnu-toolchain/bin/../lib/gcc/avr/5.4.0/../../../../avr/lib/avrxmega7\libc.a(ultoa_invert.o)
                0x00002e48                __ultoa_invert
                0x00002f04                . = ALIGN (0x2)
 *(.fini9)
 .fini9         0x00002f04        0x0 d:/program files (x86)/atmel/7.0/toolchain/avr8/avr8-gnu-toolchain/bin/../lib/gcc/avr/5.4.0/avrxmega7\libgcc.a(_exit.o)
                0x00002f04                _exit
                0x00002f04                exit
 *(.fini9)
 *(.fini8)
 *(.fini8)
 *(.fini7)
 *(.fini7)
 *(.fini6)
 *(.fini6)
 *(.fini5)
 *(.fini5)
 *(.fini4)
 *(.fini4)
 *(.fini3)
 *(.fini3)
 *(.fini2)
 *(.fini2)
 *(.fini1)
 *(.fini1)
 *(.fini0)
 .fini0         0x00002f04        0x4 d:/program files (x86)/atmel/7.0/toolchain/avr8/avr8-gnu-toolchain/bin/../lib/gcc/avr/5.4.0/avrxmega7\libgcc.a(_exit.o)
 *(.fini0)
                0x00002f08                _etext = .

.data           0x00802000       0x36 load address 0x00002f08
                0x00802000                PROVIDE (__data_start, .)
 *(.data)
 .data          0x00802000        0x6 d:/program files (x86)/atmel/7.0/toolchain/avr8/avr8-gnu-toolchain/bin/../lib/gcc/avr/5.4.0/../../../../avr/lib/avrxmega7\libc.a(malloc.o)
                0x00802000                __malloc_heap_end
                0x00802002                __malloc_heap_start
                0x00802004                __malloc_margin
 *(.data*)
 .data.usart_config.6273
                0x00802006        0x7 src/drivers/uart.o
 .data.usart_options.6251
                0x0080200d        0x7 src/drivers/uart.o
 *(.gnu.linkonce.d*)
 *(.rodata)
 *(.rodata*)
 .rodata.str1.1
                0x00802014       0x21 src/main.o
 *(.gnu.linkonce.r*)
                0x00802036                . = ALIGN (0x2)
 *fill*         0x00802035        0x1 
                0x00802036                _edata = .
                0x00802036                PROVIDE (__data_end, .)

.bss            0x00802036       0x74
                0x00802036                PROVIDE (__bss_start, .)
 *(.bss)
 *(.bss*)
 .bss.tc_tcf1_ccb_callback
                0x00802036        0x2 src/ASF/xmega/drivers/tc/tc.o
 .bss.tc_tcf1_cca_callback
                0x00802038        0x2 src/ASF/xmega/drivers/tc/tc.o
 .bss.tc_tcf1_err_callback
                0x0080203a        0x2 src/ASF/xmega/drivers/tc/tc.o
 .bss.tc_tcf1_ovf_callback
                0x0080203c        0x2 src/ASF/xmega/drivers/tc/tc.o
 .bss.tc_tcf0_ccd_callback
                0x0080203e        0x2 src/ASF/xmega/drivers/tc/tc.o
 .bss.tc_tcf0_ccc_callback
                0x00802040        0x2 src/ASF/xmega/drivers/tc/tc.o
 .bss.tc_tcf0_ccb_callback
                0x00802042        0x2 src/ASF/xmega/drivers/tc/tc.o
 .bss.tc_tcf0_cca_callback
                0x00802044        0x2 src/ASF/xmega/drivers/tc/tc.o
 .bss.tc_tcf0_err_callback
                0x00802046        0x2 src/ASF/xmega/drivers/tc/tc.o
 .bss.tc_tcf0_ovf_callback
                0x00802048        0x2 src/ASF/xmega/drivers/tc/tc.o
 .bss.tc_tce1_ccb_callback
                0x0080204a        0x2 src/ASF/xmega/drivers/tc/tc.o
 .bss.tc_tce1_cca_callback
                0x0080204c        0x2 src/ASF/xmega/drivers/tc/tc.o
 .bss.tc_tce1_err_callback
                0x0080204e        0x2 src/ASF/xmega/drivers/tc/tc.o
 .bss.tc_tce1_ovf_callback
                0x00802050        0x2 src/ASF/xmega/drivers/tc/tc.o
 .bss.tc_tce0_ccd_callback
                0x00802052        0x2 src/ASF/xmega/drivers/tc/tc.o
 .bss.tc_tce0_ccc_callback
                0x00802054        0x2 src/ASF/xmega/drivers/tc/tc.o
 .bss.tc_tce0_ccb_callback
                0x00802056        0x2 src/ASF/xmega/drivers/tc/tc.o
 .bss.tc_tce0_cca_callback
                0x00802058        0x2 src/ASF/xmega/drivers/tc/tc.o
 .bss.tc_tce0_err_callback
                0x0080205a        0x2 src/ASF/xmega/drivers/tc/tc.o
 .bss.tc_tce0_ovf_callback
                0x0080205c        0x2 src/ASF/xmega/drivers/tc/tc.o
 .bss.tc_tcd1_ccb_callback
                0x0080205e        0x2 src/ASF/xmega/drivers/tc/tc.o
 .bss.tc_tcd1_cca_callback
                0x00802060        0x2 src/ASF/xmega/drivers/tc/tc.o
 .bss.tc_tcd1_err_callback
                0x00802062        0x2 src/ASF/xmega/drivers/tc/tc.o
 .bss.tc_tcd1_ovf_callback
                0x00802064        0x2 src/ASF/xmega/drivers/tc/tc.o
 .bss.tc_tcd0_ccd_callback
                0x00802066        0x2 src/ASF/xmega/drivers/tc/tc.o
 .bss.tc_tcd0_ccc_callback
                0x00802068        0x2 src/ASF/xmega/drivers/tc/tc.o
 .bss.tc_tcd0_ccb_callback
                0x0080206a        0x2 src/ASF/xmega/drivers/tc/tc.o
 .bss.tc_tcd0_cca_callback
                0x0080206c        0x2 src/ASF/xmega/drivers/tc/tc.o
 .bss.tc_tcd0_err_callback
                0x0080206e        0x2 src/ASF/xmega/drivers/tc/tc.o
 .bss.tc_tcd0_ovf_callback
                0x00802070        0x2 src/ASF/xmega/drivers/tc/tc.o
 .bss.tc_tcc1_ccb_callback
                0x00802072        0x2 src/ASF/xmega/drivers/tc/tc.o
 .bss.tc_tcc1_cca_callback
                0x00802074        0x2 src/ASF/xmega/drivers/tc/tc.o
 .bss.tc_tcc1_err_callback
                0x00802076        0x2 src/ASF/xmega/drivers/tc/tc.o
 .bss.tc_tcc1_ovf_callback
                0x00802078        0x2 src/ASF/xmega/drivers/tc/tc.o
 .bss.tc_tcc0_ccd_callback
                0x0080207a        0x2 src/ASF/xmega/drivers/tc/tc.o
 .bss.tc_tcc0_ccc_callback
                0x0080207c        0x2 src/ASF/xmega/drivers/tc/tc.o
 .bss.tc_tcc0_ccb_callback
                0x0080207e        0x2 src/ASF/xmega/drivers/tc/tc.o
 .bss.tc_tcc0_cca_callback
                0x00802080        0x2 src/ASF/xmega/drivers/tc/tc.o
 .bss.tc_tcc0_err_callback
                0x00802082        0x2 src/ASF/xmega/drivers/tc/tc.o
 .bss.tc_tcc0_ovf_callback
                0x00802084        0x2 src/ASF/xmega/drivers/tc/tc.o
 .bss.transfer  0x00802086        0xb src/ASF/xmega/drivers/twi/twim.o
 *(COMMON)
 COMMON         0x00802091        0x2 src/ASF/common/utils/stdio/read.o
                0x00802091                ptr_get
 COMMON         0x00802093        0x4 src/ASF/common/utils/stdio/write.o
                0x00802093                ptr_put
                0x00802095                stdio_base
 COMMON         0x00802097        0x8 src/ASF/xmega/drivers/rtc/rtc.o
                0x00802097                rtc_data
 COMMON         0x0080209f        0x1 src/drivers/I2CDriver.o
                0x0080209f                busAddress
 COMMON         0x008020a0        0x6 d:/program files (x86)/atmel/7.0/toolchain/avr8/avr8-gnu-toolchain/bin/../lib/gcc/avr/5.4.0/../../../../avr/lib/avrxmega7\libc.a(iob.o)
                0x008020a0                __iob
 COMMON         0x008020a6        0x4 d:/program files (x86)/atmel/7.0/toolchain/avr8/avr8-gnu-toolchain/bin/../lib/gcc/avr/5.4.0/../../../../avr/lib/avrxmega7\libc.a(malloc.o)
                0x008020a6                __brkval
                0x008020a8                __flp
                0x008020aa                PROVIDE (__bss_end, .)
                0x00002f08                __data_load_start = LOADADDR (.data)
                0x00002f3e                __data_load_end = (__data_load_start + SIZEOF (.data))

.noinit         0x008020aa        0x0
                [!provide]                PROVIDE (__noinit_start, .)
 *(.noinit*)
                [!provide]                PROVIDE (__noinit_end, .)
                0x008020aa                _end = .
                0x008020aa                PROVIDE (__heap_start, .)

.eeprom         0x00810000        0x0
 *(.eeprom*)
                0x00810000                __eeprom_end = .

.fuse
 *(.fuse)
 *(.lfuse)
 *(.hfuse)
 *(.efuse)

.lock
 *(.lock*)

.signature
 *(.signature*)

.user_signatures
 *(.user_signatures*)

.stab
 *(.stab)

.stabstr
 *(.stabstr)

.stab.excl
 *(.stab.excl)

.stab.exclstr
 *(.stab.exclstr)

.stab.index
 *(.stab.index)

.stab.indexstr
 *(.stab.indexstr)

.comment        0x00000000       0x5c
 *(.comment)
 .comment       0x00000000       0x30 src/ASF/common/services/clock/xmega/sysclk.o
                                 0x31 (size before relaxing)
 .comment       0x00000030       0x31 src/ASF/common/utils/stdio/read.o
 .comment       0x00000030       0x31 src/ASF/common/utils/stdio/write.o
 .comment       0x00000030       0x31 src/ASF/xmega/drivers/rtc/rtc.o
 .comment       0x00000030       0x31 src/ASF/xmega/drivers/tc/tc.o
 .comment       0x00000030       0x31 src/ASF/xmega/drivers/twi/twim.o
 .comment       0x00000030       0x31 src/ASF/xmega/drivers/usart/usart.o
 .comment       0x00000030       0x31 src/ASF/common/services/ioport/xmega/ioport_compat.o
 .comment       0x00000030       0x31 src/ASF/xmega/boards/xmega_a1u_xplained_pro/board_init.o
 .comment       0x00000030       0x31 src/drivers/I2CDriver.o
 .comment       0x00000030       0x31 src/drivers/mybno055.o
 .comment       0x00000030       0x31 src/drivers/uart.o
 .comment       0x00000030       0x31 src/main.o
 .comment       0x00000030       0x31 d:/program files (x86)/atmel/7.0/toolchain/avr8/avr8-gnu-toolchain/bin/../lib/gcc/avr/5.4.0/../../../../avr/lib/avrxmega7\libc.a(fdevopen.o)
 .comment       0x00000030       0x31 d:/program files (x86)/atmel/7.0/toolchain/avr8/avr8-gnu-toolchain/bin/../lib/gcc/avr/5.4.0/../../../../avr/lib/avrxmega7\libc.a(iob.o)
 .comment       0x00000030       0x31 d:/program files (x86)/atmel/7.0/toolchain/avr8/avr8-gnu-toolchain/bin/../lib/gcc/avr/5.4.0/../../../../avr/lib/avrxmega7\libc.a(printf.o)
 .comment       0x00000030       0x31 d:/program files (x86)/atmel/7.0/toolchain/avr8/avr8-gnu-toolchain/bin/../lib/gcc/avr/5.4.0/../../../../avr/lib/avrxmega7\libc.a(puts.o)
 .comment       0x00000030       0x2c d:/program files (x86)/atmel/7.0/toolchain/avr8/avr8-gnu-toolchain/bin/../lib/gcc/avr/5.4.0/../../../../avr/lib/avrxmega7\libc.a(vfprintf_std.o)
                                 0x2d (size before relaxing)
 .comment       0x0000005c       0x31 d:/program files (x86)/atmel/7.0/toolchain/avr8/avr8-gnu-toolchain/bin/../lib/gcc/avr/5.4.0/../../../../avr/lib/avrxmega7\libc.a(calloc.o)
 .comment       0x0000005c       0x31 d:/program files (x86)/atmel/7.0/toolchain/avr8/avr8-gnu-toolchain/bin/../lib/gcc/avr/5.4.0/../../../../avr/lib/avrxmega7\libc.a(malloc.o)
 .comment       0x0000005c       0x31 d:/program files (x86)/atmel/7.0/toolchain/avr8/avr8-gnu-toolchain/bin/../lib/gcc/avr/5.4.0/../../../../avr/lib/avrxmega7\libc.a(fputc.o)

.note.gnu.avr.deviceinfo
                0x00000000       0x40
 .note.gnu.avr.deviceinfo
                0x00000000       0x40 D:/Program Files (x86)/Atmel/7.0/Packs/atmel/XMEGAA_DFP/1.1.68/gcc/dev/atxmega128a1u/avrxmega7/crtatxmega128a1u.o

.note.gnu.build-id
 *(.note.gnu.build-id)

.debug
 *(.debug)

.line
 *(.line)

.debug_srcinfo
 *(.debug_srcinfo)

.debug_sfnames
 *(.debug_sfnames)

.debug_aranges  0x00000000      0x470
 *(.debug_aranges)
 .debug_aranges
                0x00000000       0x40 src/ASF/common/services/clock/xmega/sysclk.o
 .debug_aranges
                0x00000040       0x20 src/ASF/common/utils/stdio/read.o
 .debug_aranges
                0x00000060       0x20 src/ASF/common/utils/stdio/write.o
 .debug_aranges
                0x00000080       0x20 src/ASF/xmega/drivers/cpu/ccp.o
 .debug_aranges
                0x000000a0       0x58 src/ASF/xmega/drivers/rtc/rtc.o
 .debug_aranges
                0x000000f8      0x198 src/ASF/xmega/drivers/tc/tc.o
 .debug_aranges
                0x00000290       0x50 src/ASF/xmega/drivers/twi/twim.o
 .debug_aranges
                0x000002e0       0x58 src/ASF/xmega/drivers/usart/usart.o
 .debug_aranges
                0x00000338       0x20 src/ASF/common/services/ioport/xmega/ioport_compat.o
 .debug_aranges
                0x00000358       0x20 src/ASF/xmega/boards/xmega_a1u_xplained_pro/board_init.o
 .debug_aranges
                0x00000378       0x38 src/drivers/I2CDriver.o
 .debug_aranges
                0x000003b0       0x30 src/drivers/mybno055.o
 .debug_aranges
                0x000003e0       0x50 src/drivers/uart.o
 .debug_aranges
                0x00000430       0x40 src/main.o

.debug_pubnames
 *(.debug_pubnames)

.debug_info     0x00000000    0x10332
 *(.debug_info .gnu.linkonce.wi.*)
 .debug_info    0x00000000     0x3e5a D:/Program Files (x86)/Atmel/7.0/Packs/atmel/XMEGAA_DFP/1.1.68/gcc/dev/atxmega128a1u/avrxmega7/crtatxmega128a1u.o
 .debug_info    0x00003e5a      0x846 src/ASF/common/services/clock/xmega/sysclk.o
 .debug_info    0x000046a0      0x119 src/ASF/common/utils/stdio/read.o
 .debug_info    0x000047b9      0x119 src/ASF/common/utils/stdio/write.o
 .debug_info    0x000048d2       0x93 src/ASF/xmega/drivers/cpu/ccp.o
 .debug_info    0x00004965      0x715 src/ASF/xmega/drivers/rtc/rtc.o
 .debug_info    0x0000507a     0x1a39 src/ASF/xmega/drivers/tc/tc.o
 .debug_info    0x00006ab3      0x953 src/ASF/xmega/drivers/twi/twim.o
 .debug_info    0x00007406     0x3281 src/ASF/xmega/drivers/usart/usart.o
 .debug_info    0x0000a687      0x121 src/ASF/common/services/ioport/xmega/ioport_compat.o
 .debug_info    0x0000a7a8      0x3db src/ASF/xmega/boards/xmega_a1u_xplained_pro/board_init.o
 .debug_info    0x0000ab83     0x2326 src/drivers/I2CDriver.o
 .debug_info    0x0000cea9      0x325 src/drivers/mybno055.o
 .debug_info    0x0000d1ce     0x28cb src/drivers/uart.o
 .debug_info    0x0000fa99      0x899 src/main.o

.debug_abbrev   0x00000000     0x57ef
 *(.debug_abbrev)
 .debug_abbrev  0x00000000     0x3b0e D:/Program Files (x86)/Atmel/7.0/Packs/atmel/XMEGAA_DFP/1.1.68/gcc/dev/atxmega128a1u/avrxmega7/crtatxmega128a1u.o
 .debug_abbrev  0x00003b0e      0x241 src/ASF/common/services/clock/xmega/sysclk.o
 .debug_abbrev  0x00003d4f       0xc5 src/ASF/common/utils/stdio/read.o
 .debug_abbrev  0x00003e14       0xa7 src/ASF/common/utils/stdio/write.o
 .debug_abbrev  0x00003ebb       0x14 src/ASF/xmega/drivers/cpu/ccp.o
 .debug_abbrev  0x00003ecf      0x2ee src/ASF/xmega/drivers/rtc/rtc.o
 .debug_abbrev  0x000041bd      0x29b src/ASF/xmega/drivers/tc/tc.o
 .debug_abbrev  0x00004458      0x2e9 src/ASF/xmega/drivers/twi/twim.o
 .debug_abbrev  0x00004741      0x3f5 src/ASF/xmega/drivers/usart/usart.o
 .debug_abbrev  0x00004b36       0x95 src/ASF/common/services/ioport/xmega/ioport_compat.o
 .debug_abbrev  0x00004bcb      0x14a src/ASF/xmega/boards/xmega_a1u_xplained_pro/board_init.o
 .debug_abbrev  0x00004d15      0x322 src/drivers/I2CDriver.o
 .debug_abbrev  0x00005037      0x173 src/drivers/mybno055.o
 .debug_abbrev  0x000051aa      0x375 src/drivers/uart.o
 .debug_abbrev  0x0000551f      0x2d0 src/main.o

.debug_line     0x00000000     0x7593
 *(.debug_line .debug_line.* .debug_line_end)
 .debug_line    0x00000000      0x3b5 D:/Program Files (x86)/Atmel/7.0/Packs/atmel/XMEGAA_DFP/1.1.68/gcc/dev/atxmega128a1u/avrxmega7/crtatxmega128a1u.o
 .debug_line    0x000003b5      0x6a3 src/ASF/common/services/clock/xmega/sysclk.o
 .debug_line    0x00000a58      0x3b7 src/ASF/common/utils/stdio/read.o
 .debug_line    0x00000e0f      0x3be src/ASF/common/utils/stdio/write.o
 .debug_line    0x000011cd       0x6e src/ASF/xmega/drivers/cpu/ccp.o
 .debug_line    0x0000123b      0x7c6 src/ASF/xmega/drivers/rtc/rtc.o
 .debug_line    0x00001a01      0xfab src/ASF/xmega/drivers/tc/tc.o
 .debug_line    0x000029ac      0x637 src/ASF/xmega/drivers/twi/twim.o
 .debug_line    0x00002fe3      0xd9e src/ASF/xmega/drivers/usart/usart.o
 .debug_line    0x00003d81      0x497 src/ASF/common/services/ioport/xmega/ioport_compat.o
 .debug_line    0x00004218      0x4ce src/ASF/xmega/boards/xmega_a1u_xplained_pro/board_init.o
 .debug_line    0x000046e6      0xac9 src/drivers/I2CDriver.o
 .debug_line    0x000051af      0xa84 src/drivers/mybno055.o
 .debug_line    0x00005c33      0xe1e src/drivers/uart.o
 .debug_line    0x00006a51      0xb42 src/main.o

.debug_frame    0x00000000     0x1664
 *(.debug_frame)
 .debug_frame   0x00000000       0xa4 src/ASF/common/services/clock/xmega/sysclk.o
 .debug_frame   0x000000a4       0x34 src/ASF/common/utils/stdio/read.o
 .debug_frame   0x000000d8       0x24 src/ASF/common/utils/stdio/write.o
 .debug_frame   0x000000fc      0x144 src/ASF/xmega/drivers/rtc/rtc.o
 .debug_frame   0x00000240      0xe84 src/ASF/xmega/drivers/tc/tc.o
 .debug_frame   0x000010c4      0x1c0 src/ASF/xmega/drivers/twi/twim.o
 .debug_frame   0x00001284      0x150 src/ASF/xmega/drivers/usart/usart.o
 .debug_frame   0x000013d4       0x30 src/ASF/common/services/ioport/xmega/ioport_compat.o
 .debug_frame   0x00001404       0x24 src/ASF/xmega/boards/xmega_a1u_xplained_pro/board_init.o
 .debug_frame   0x00001428       0x90 src/drivers/I2CDriver.o
 .debug_frame   0x000014b8       0x64 src/drivers/mybno055.o
 .debug_frame   0x0000151c       0xc4 src/drivers/uart.o
 .debug_frame   0x000015e0       0x84 src/main.o

.debug_str      0x00000000    0x3e7d5
 *(.debug_str)
 .debug_str     0x00000000     0x2969 D:/Program Files (x86)/Atmel/7.0/Packs/atmel/XMEGAA_DFP/1.1.68/gcc/dev/atxmega128a1u/avrxmega7/crtatxmega128a1u.o
 .debug_str     0x00002969    0x2d8e5 src/ASF/common/services/clock/xmega/sysclk.o
                              0x2e0bf (size before relaxing)
 .debug_str     0x0003024e       0x38 src/ASF/common/utils/stdio/read.o
                              0x2b072 (size before relaxing)
 .debug_str     0x00030286       0x2e src/ASF/common/utils/stdio/write.o
                              0x2b074 (size before relaxing)
 .debug_str     0x000302b4      0x7f6 src/ASF/xmega/drivers/rtc/rtc.o
                              0x2e4a2 (size before relaxing)
 .debug_str     0x00030aaa      0xa68 src/ASF/xmega/drivers/tc/tc.o
                              0x2eb1d (size before relaxing)
 .debug_str     0x00031512      0x5c4 src/ASF/xmega/drivers/twi/twim.o
                              0x2b710 (size before relaxing)
 .debug_str     0x00031ad6     0x1108 src/ASF/xmega/drivers/usart/usart.o
                              0x2f50e (size before relaxing)
 .debug_str     0x00032bde       0x77 src/ASF/common/services/ioport/xmega/ioport_compat.o
                              0x2b70b (size before relaxing)
 .debug_str     0x00032c55       0x5c src/ASF/xmega/boards/xmega_a1u_xplained_pro/board_init.o
                              0x2d98e (size before relaxing)
 .debug_str     0x00032cb1      0xd8f src/drivers/I2CDriver.o
                              0x30397 (size before relaxing)
 .debug_str     0x00033a40     0x1644 src/drivers/mybno055.o
                              0x30c03 (size before relaxing)
 .debug_str     0x00035084      0x220 src/drivers/uart.o
                              0x30377 (size before relaxing)
 .debug_str     0x000352a4     0x9531 src/main.o
                              0x3a591 (size before relaxing)

.debug_loc      0x00000000     0x4593
 *(.debug_loc)
 .debug_loc     0x00000000      0x301 src/ASF/common/services/clock/xmega/sysclk.o
 .debug_loc     0x00000301       0x6e src/ASF/common/utils/stdio/read.o
 .debug_loc     0x0000036f       0x52 src/ASF/common/utils/stdio/write.o
 .debug_loc     0x000003c1      0x2dd src/ASF/xmega/drivers/rtc/rtc.o
 .debug_loc     0x0000069e     0x2122 src/ASF/xmega/drivers/tc/tc.o
 .debug_loc     0x000027c0      0x64a src/ASF/xmega/drivers/twi/twim.o
 .debug_loc     0x00002e0a      0xe0d src/ASF/xmega/drivers/usart/usart.o
 .debug_loc     0x00003c17       0x66 src/ASF/common/services/ioport/xmega/ioport_compat.o
 .debug_loc     0x00003c7d       0x54 src/ASF/xmega/boards/xmega_a1u_xplained_pro/board_init.o
 .debug_loc     0x00003cd1      0x2b5 src/drivers/I2CDriver.o
 .debug_loc     0x00003f86      0x138 src/drivers/mybno055.o
 .debug_loc     0x000040be      0x34a src/drivers/uart.o
 .debug_loc     0x00004408      0x18b src/main.o

.debug_macinfo
 *(.debug_macinfo)

.debug_weaknames
 *(.debug_weaknames)

.debug_funcnames
 *(.debug_funcnames)

.debug_typenames
 *(.debug_typenames)

.debug_varnames
 *(.debug_varnames)

.debug_pubtypes
 *(.debug_pubtypes)

.debug_ranges   0x00000000      0x400
 *(.debug_ranges)
 .debug_ranges  0x00000000       0x30 src/ASF/common/services/clock/xmega/sysclk.o
 .debug_ranges  0x00000030       0x10 src/ASF/common/utils/stdio/read.o
 .debug_ranges  0x00000040       0x10 src/ASF/common/utils/stdio/write.o
 .debug_ranges  0x00000050       0x48 src/ASF/xmega/drivers/rtc/rtc.o
 .debug_ranges  0x00000098      0x188 src/ASF/xmega/drivers/tc/tc.o
 .debug_ranges  0x00000220       0x70 src/ASF/xmega/drivers/twi/twim.o
 .debug_ranges  0x00000290       0x80 src/ASF/xmega/drivers/usart/usart.o
 .debug_ranges  0x00000310       0x10 src/ASF/common/services/ioport/xmega/ioport_compat.o
 .debug_ranges  0x00000320       0x10 src/ASF/xmega/boards/xmega_a1u_xplained_pro/board_init.o
 .debug_ranges  0x00000330       0x28 src/drivers/I2CDriver.o
 .debug_ranges  0x00000358       0x20 src/drivers/mybno055.o
 .debug_ranges  0x00000378       0x58 src/drivers/uart.o
 .debug_ranges  0x000003d0       0x30 src/main.o

.debug_macro    0x00000000     0xeb97
 *(.debug_macro)
 .debug_macro   0x00000000      0x1eb src/ASF/common/services/clock/xmega/sysclk.o
 .debug_macro   0x000001eb      0xa96 src/ASF/common/services/clock/xmega/sysclk.o
 .debug_macro   0x00000c81       0x10 src/ASF/common/services/clock/xmega/sysclk.o
 .debug_macro   0x00000c91      0x1c9 src/ASF/common/services/clock/xmega/sysclk.o
 .debug_macro   0x00000e5a      0x2fc src/ASF/common/services/clock/xmega/sysclk.o
 .debug_macro   0x00001156       0x9e src/ASF/common/services/clock/xmega/sysclk.o
 .debug_macro   0x000011f4     0x6dbc src/ASF/common/services/clock/xmega/sysclk.o
 .debug_macro   0x00007fb0       0x9a src/ASF/common/services/clock/xmega/sysclk.o
 .debug_macro   0x0000804a       0xf1 src/ASF/common/services/clock/xmega/sysclk.o
 .debug_macro   0x0000813b       0x34 src/ASF/common/services/clock/xmega/sysclk.o
 .debug_macro   0x0000816f       0x16 src/ASF/common/services/clock/xmega/sysclk.o
 .debug_macro   0x00008185       0x18 src/ASF/common/services/clock/xmega/sysclk.o
 .debug_macro   0x0000819d       0x5e src/ASF/common/services/clock/xmega/sysclk.o
 .debug_macro   0x000081fb       0x10 src/ASF/common/services/clock/xmega/sysclk.o
 .debug_macro   0x0000820b       0x22 src/ASF/common/services/clock/xmega/sysclk.o
 .debug_macro   0x0000822d      0x16d src/ASF/common/services/clock/xmega/sysclk.o
 .debug_macro   0x0000839a       0x1c src/ASF/common/services/clock/xmega/sysclk.o
 .debug_macro   0x000083b6       0x35 src/ASF/common/services/clock/xmega/sysclk.o
 .debug_macro   0x000083eb       0x66 src/ASF/common/services/clock/xmega/sysclk.o
 .debug_macro   0x00008451      0x64b src/ASF/common/services/clock/xmega/sysclk.o
 .debug_macro   0x00008a9c       0x97 src/ASF/common/services/clock/xmega/sysclk.o
 .debug_macro   0x00008b33       0x17 src/ASF/common/services/clock/xmega/sysclk.o
 .debug_macro   0x00008b4a      0x250 src/ASF/common/services/clock/xmega/sysclk.o
 .debug_macro   0x00008d9a       0x76 src/ASF/common/services/clock/xmega/sysclk.o
 .debug_macro   0x00008e10       0x16 src/ASF/common/services/clock/xmega/sysclk.o
 .debug_macro   0x00008e26      0x6e3 src/ASF/common/services/clock/xmega/sysclk.o
 .debug_macro   0x00009509       0x10 src/ASF/common/services/clock/xmega/sysclk.o
 .debug_macro   0x00009519      0x175 src/ASF/common/services/clock/xmega/sysclk.o
 .debug_macro   0x0000968e       0x40 src/ASF/common/services/clock/xmega/sysclk.o
 .debug_macro   0x000096ce       0x69 src/ASF/common/services/clock/xmega/sysclk.o
 .debug_macro   0x00009737       0x32 src/ASF/common/services/clock/xmega/sysclk.o
 .debug_macro   0x00009769       0xe4 src/ASF/common/services/clock/xmega/sysclk.o
 .debug_macro   0x0000984d       0x22 src/ASF/common/services/clock/xmega/sysclk.o
 .debug_macro   0x0000986f      0x2c6 src/ASF/common/services/clock/xmega/sysclk.o
 .debug_macro   0x00009b35      0x530 src/ASF/common/services/clock/xmega/sysclk.o
 .debug_macro   0x0000a065       0x7d src/ASF/common/services/clock/xmega/sysclk.o
 .debug_macro   0x0000a0e2       0x2f src/ASF/common/services/clock/xmega/sysclk.o
 .debug_macro   0x0000a111      0x154 src/ASF/common/services/clock/xmega/sysclk.o
 .debug_macro   0x0000a265       0x26 src/ASF/common/services/clock/xmega/sysclk.o
 .debug_macro   0x0000a28b      0x16d src/ASF/common/utils/stdio/read.o
 .debug_macro   0x0000a3f8      0x16d src/ASF/common/utils/stdio/write.o
 .debug_macro   0x0000a565      0x237 src/ASF/xmega/drivers/rtc/rtc.o
 .debug_macro   0x0000a79c       0x1c src/ASF/xmega/drivers/rtc/rtc.o
 .debug_macro   0x0000a7b8      0x235 src/ASF/xmega/drivers/tc/tc.o
 .debug_macro   0x0000a9ed      0x302 src/ASF/xmega/drivers/tc/tc.o
 .debug_macro   0x0000acef       0x12 src/ASF/xmega/drivers/tc/tc.o
 .debug_macro   0x0000ad01      0x198 src/ASF/xmega/drivers/twi/twim.o
 .debug_macro   0x0000ae99       0x16 src/ASF/xmega/drivers/twi/twim.o
 .debug_macro   0x0000aeaf       0x22 src/ASF/xmega/drivers/twi/twim.o
 .debug_macro   0x0000aed1       0x10 src/ASF/xmega/drivers/twi/twim.o
 .debug_macro   0x0000aee1      0x233 src/ASF/xmega/drivers/usart/usart.o
 .debug_macro   0x0000b114      0x195 src/ASF/common/services/ioport/xmega/ioport_compat.o
 .debug_macro   0x0000b2a9      0x1be src/ASF/xmega/boards/xmega_a1u_xplained_pro/board_init.o
 .debug_macro   0x0000b467      0x2c0 src/ASF/xmega/boards/xmega_a1u_xplained_pro/board_init.o
 .debug_macro   0x0000b727      0x39d src/drivers/I2CDriver.o
 .debug_macro   0x0000bac4       0x34 src/drivers/I2CDriver.o
 .debug_macro   0x0000baf8       0x23 src/drivers/I2CDriver.o
 .debug_macro   0x0000bb1b       0x28 src/drivers/I2CDriver.o
 .debug_macro   0x0000bb43       0x23 src/drivers/I2CDriver.o
 .debug_macro   0x0000bb66       0x40 src/drivers/I2CDriver.o
 .debug_macro   0x0000bba6       0x58 src/drivers/I2CDriver.o
 .debug_macro   0x0000bbfe       0x10 src/drivers/I2CDriver.o
 .debug_macro   0x0000bc0e       0xf2 src/drivers/I2CDriver.o
 .debug_macro   0x0000bd00       0x3a src/drivers/I2CDriver.o
 .debug_macro   0x0000bd3a       0x18 src/drivers/I2CDriver.o
 .debug_macro   0x0000bd52       0x28 src/drivers/I2CDriver.o
 .debug_macro   0x0000bd7a       0x16 src/drivers/I2CDriver.o
 .debug_macro   0x0000bd90      0x3a6 src/drivers/mybno055.o
 .debug_macro   0x0000c136      0x45e src/drivers/mybno055.o
 .debug_macro   0x0000c594      0x3a1 src/drivers/uart.o
 .debug_macro   0x0000c935       0x34 src/drivers/uart.o
 .debug_macro   0x0000c969      0x3ca src/main.o
 .debug_macro   0x0000cd33     0x1e64 src/main.o
OUTPUT(Prototype.elf elf32-avr)
LOAD linker stubs

.BOOT           0x00020000        0x0
