Archive member included to satisfy reference by file (symbol)

d:/programs/atmelstudio/7.0/toolchain/avr8/avr8-gnu-toolchain/bin/../lib/gcc/avr/5.4.0/avrxmega7\libgcc.a(_udivmodsi4.o)
                              src/ASF/xmega/drivers/spi/spi.o (__udivmodsi4)
d:/programs/atmelstudio/7.0/toolchain/avr8/avr8-gnu-toolchain/bin/../lib/gcc/avr/5.4.0/avrxmega7\libgcc.a(_exit.o)
                              D:/programs/AtmelStudio/7.0/Packs/atmel/XMEGAA_DFP/1.1.68/gcc/dev/atxmega128a4u/avrxmega7/crtatxmega128a4u.o (exit)
d:/programs/atmelstudio/7.0/toolchain/avr8/avr8-gnu-toolchain/bin/../lib/gcc/avr/5.4.0/avrxmega7\libgcc.a(_copy_data.o)
                              src/ASF/common/services/sleepmgr/xmega/sleepmgr.o (__do_copy_data)
d:/programs/atmelstudio/7.0/toolchain/avr8/avr8-gnu-toolchain/bin/../lib/gcc/avr/5.4.0/avrxmega7\libgcc.a(_clear_bss.o)
                              src/ASF/common/services/sleepmgr/xmega/sleepmgr.o (__do_clear_bss)
d:/programs/atmelstudio/7.0/toolchain/avr8/avr8-gnu-toolchain/bin/../lib/gcc/avr/5.4.0/../../../../avr/lib/avrxmega7\libc.a(memcpy.o)
                              src/ASF/xmega/drivers/nvm/nvm.o (memcpy)

Allocating common symbols
Common symbol       size              file

rtc_data            0x8               src/ASF/xmega/drivers/rtc/rtc.o
sleepmgr_locks      0x6               src/ASF/common/services/sleepmgr/xmega/sleepmgr.o
adca_callback       0x2               src/ASF/xmega/drivers/adc/adc.o

Discarded input sections

 .data          0x00000000        0x0 D:/programs/AtmelStudio/7.0/Packs/atmel/XMEGAA_DFP/1.1.68/gcc/dev/atxmega128a4u/avrxmega7/crtatxmega128a4u.o
 .bss           0x00000000        0x0 D:/programs/AtmelStudio/7.0/Packs/atmel/XMEGAA_DFP/1.1.68/gcc/dev/atxmega128a4u/avrxmega7/crtatxmega128a4u.o
 .group         0x00000000        0x8 src/ASF/common/boards/user_board/init.o
 .group         0x00000000        0x8 src/ASF/common/boards/user_board/init.o
 .group         0x00000000        0x8 src/ASF/common/boards/user_board/init.o
 .group         0x00000000        0x8 src/ASF/common/boards/user_board/init.o
 .group         0x00000000        0x8 src/ASF/common/boards/user_board/init.o
 .group         0x00000000        0x8 src/ASF/common/boards/user_board/init.o
 .group         0x00000000        0x8 src/ASF/common/boards/user_board/init.o
 .group         0x00000000        0x8 src/ASF/common/boards/user_board/init.o
 .group         0x00000000        0x8 src/ASF/common/boards/user_board/init.o
 .group         0x00000000        0x8 src/ASF/common/boards/user_board/init.o
 .group         0x00000000        0x8 src/ASF/common/boards/user_board/init.o
 .group         0x00000000        0x8 src/ASF/common/boards/user_board/init.o
 .group         0x00000000        0x8 src/ASF/common/boards/user_board/init.o
 .group         0x00000000        0x8 src/ASF/common/boards/user_board/init.o
 .group         0x00000000        0x8 src/ASF/common/boards/user_board/init.o
 .group         0x00000000        0x8 src/ASF/common/boards/user_board/init.o
 .group         0x00000000        0x8 src/ASF/common/boards/user_board/init.o
 .group         0x00000000        0x8 src/ASF/common/boards/user_board/init.o
 .group         0x00000000        0x8 src/ASF/common/boards/user_board/init.o
 .group         0x00000000        0x8 src/ASF/common/boards/user_board/init.o
 .group         0x00000000        0x8 src/ASF/common/boards/user_board/init.o
 .group         0x00000000        0x8 src/ASF/common/boards/user_board/init.o
 .group         0x00000000        0x8 src/ASF/common/boards/user_board/init.o
 .group         0x00000000        0x8 src/ASF/common/boards/user_board/init.o
 .group         0x00000000        0x8 src/ASF/common/boards/user_board/init.o
 .group         0x00000000        0x8 src/ASF/common/boards/user_board/init.o
 .group         0x00000000        0x8 src/ASF/common/boards/user_board/init.o
 .group         0x00000000        0x8 src/ASF/common/boards/user_board/init.o
 .group         0x00000000        0x8 src/ASF/common/boards/user_board/init.o
 .group         0x00000000        0x8 src/ASF/common/boards/user_board/init.o
 .group         0x00000000        0x8 src/ASF/common/boards/user_board/init.o
 .group         0x00000000        0x8 src/ASF/common/boards/user_board/init.o
 .group         0x00000000        0x8 src/ASF/common/boards/user_board/init.o
 .group         0x00000000        0x8 src/ASF/common/boards/user_board/init.o
 .group         0x00000000        0x8 src/ASF/common/boards/user_board/init.o
 .group         0x00000000        0x8 src/ASF/common/boards/user_board/init.o
 .group         0x00000000        0x8 src/ASF/common/boards/user_board/init.o
 .group         0x00000000        0x8 src/ASF/common/boards/user_board/init.o
 .group         0x00000000        0x8 src/ASF/common/boards/user_board/init.o
 .group         0x00000000        0x8 src/ASF/common/boards/user_board/init.o
 .group         0x00000000        0x8 src/ASF/common/boards/user_board/init.o
[...]
Memory Configuration

Name             Origin             Length             Attributes
text             0x00000000         0x00100000         xr
data             0x00802000         0x0000ffa0         rw !x
eeprom           0x00810000         0x00010000         rw !x
fuse             0x00820000         0x00000006         rw !x
lock             0x00830000         0x00000400         rw !x
signature        0x00840000         0x00000400         rw !x
user_signatures  0x00850000         0x00000400         rw !x
*default*        0x00000000         0xffffffff

Linker script and memory map

LOAD D:/programs/AtmelStudio/7.0/Packs/atmel/XMEGAA_DFP/1.1.68/gcc/dev/atxmega128a4u/avrxmega7/crtatxmega128a4u.o
LOAD src/ASF/common/boards/user_board/init.o
LOAD src/ASF/common/services/clock/xmega/sysclk.o
LOAD src/ASF/common/services/ioport/xmega/ioport_compat.o
LOAD src/ASF/common/services/sleepmgr/xmega/sleepmgr.o
LOAD src/ASF/xmega/drivers/adc/adc.o
LOAD src/ASF/xmega/drivers/adc/xmega_aau/adc_aau.o
LOAD src/ASF/xmega/drivers/cpu/ccp.o
LOAD src/ASF/xmega/drivers/nvm/nvm.o
LOAD src/ASF/xmega/drivers/nvm/nvm_asm.o
LOAD src/ASF/xmega/drivers/rtc/rtc.o
LOAD src/ASF/xmega/drivers/spi/spi.o
LOAD src/ASF/xmega/drivers/tc/tc.o
LOAD src/ASF/xmega/drivers/twi/twim.o
LOAD src/ASF/xmega/drivers/twi/twis.o
LOAD src/ASF/xmega/drivers/usart/usart.o
LOAD src/drivers/MS5607.o
LOAD src/drivers/SPI.o
LOAD src/main.o
START GROUP
LOAD d:/programs/atmelstudio/7.0/toolchain/avr8/avr8-gnu-toolchain/bin/../lib/gcc/avr/5.4.0/../../../../avr/lib/avrxmega7\libm.a
END GROUP
START GROUP
LOAD d:/programs/atmelstudio/7.0/toolchain/avr8/avr8-gnu-toolchain/bin/../lib/gcc/avr/5.4.0/avrxmega7\libgcc.a
LOAD d:/programs/atmelstudio/7.0/toolchain/avr8/avr8-gnu-toolchain/bin/../lib/gcc/avr/5.4.0/../../../../avr/lib/avrxmega7\libm.a
LOAD d:/programs/atmelstudio/7.0/toolchain/avr8/avr8-gnu-toolchain/bin/../lib/gcc/avr/5.4.0/../../../../avr/lib/avrxmega7\libc.a
LOAD D:/programs/AtmelStudio/7.0/Packs/atmel/XMEGAA_DFP/1.1.68/gcc/dev/atxmega128a4u/avrxmega7\libatxmega128a4u.a
END GROUP
                0x00100000                __TEXT_REGION_LENGTH__ = DEFINED (__TEXT_REGION_LENGTH__)?__TEXT_REGION_LENGTH__:0x100000
                0x0000ffa0                __DATA_REGION_LENGTH__ = DEFINED (__DATA_REGION_LENGTH__)?__DATA_REGION_LENGTH__:0xffa0
                0x00010000                __EEPROM_REGION_LENGTH__ = DEFINED (__EEPROM_REGION_LENGTH__)?__EEPROM_REGION_LENGTH__:0x10000
                [0x00000006]                __FUSE_REGION_LENGTH__ = DEFINED (__FUSE_REGION_LENGTH__)?__FUSE_REGION_LENGTH__:0x400
                0x00000400                __LOCK_REGION_LENGTH__ = DEFINED (__LOCK_REGION_LENGTH__)?__LOCK_REGION_LENGTH__:0x400
                0x00000400                __SIGNATURE_REGION_LENGTH__ = DEFINED (__SIGNATURE_REGION_LENGTH__)?__SIGNATURE_REGION_LENGTH__:0x400
                0x00000400                __USER_SIGNATURE_REGION_LENGTH__ = DEFINED (__USER_SIGNATURE_REGION_LENGTH__)?__USER_SIGNATURE_REGION_LENGTH__:0x400

.hash
 *(.hash)

.dynsym
 *(.dynsym)

.dynstr
 *(.dynstr)

.gnu.version
 *(.gnu.version)

.gnu.version_d
 *(.gnu.version_d)

.gnu.version_r
 *(.gnu.version_r)

.rel.init
 *(.rel.init)

.rela.init
 *(.rela.init)

.rel.text
 *(.rel.text)
 *(.rel.text.*)
 *(.rel.gnu.linkonce.t*)

.rela.text
 *(.rela.text)
 *(.rela.text.*)
 *(.rela.gnu.linkonce.t*)

.rel.fini
 *(.rel.fini)

.rela.fini
 *(.rela.fini)

.rel.rodata
 *(.rel.rodata)
 *(.rel.rodata.*)
 *(.rel.gnu.linkonce.r*)

.rela.rodata
 *(.rela.rodata)
 *(.rela.rodata.*)
 *(.rela.gnu.linkonce.r*)

.rel.data
 *(.rel.data)
 *(.rel.data.*)
 *(.rel.gnu.linkonce.d*)

.rela.data
 *(.rela.data)
 *(.rela.data.*)
 *(.rela.gnu.linkonce.d*)

.rel.ctors
 *(.rel.ctors)

.rela.ctors
 *(.rela.ctors)

.rel.dtors
 *(.rel.dtors)

.rela.dtors
 *(.rela.dtors)

.rel.got
 *(.rel.got)

.rela.got
 *(.rela.got)

.rel.bss
 *(.rel.bss)

.rela.bss
 *(.rela.bss)

.rel.plt
 *(.rel.plt)

.rela.plt
 *(.rela.plt)

.text           0x00000000     0x1514
 *(.vectors)
 .vectors       0x00000000      0x1fc D:/programs/AtmelStudio/7.0/Packs/atmel/XMEGAA_DFP/1.1.68/gcc/dev/atxmega128a4u/avrxmega7/crtatxmega128a4u.o
                0x00000000                __vector_default
                0x00000000                __vectors
 *(.vectors)
 *(.progmem.gcc*)
                0x000001fc                . = ALIGN (0x2)
                0x000001fc                __trampolines_start = .
 *(.trampolines)
 .trampolines   0x000001fc        0x0 linker stubs
 *(.trampolines*)
                0x000001fc                __trampolines_end = .
 *libprintf_flt.a:*(.progmem.data)
 *libc.a:*(.progmem.data)
 *(.progmem*)
                0x000001fc                . = ALIGN (0x2)
 *(.jumptables)
 *(.jumptables*)
 *(.lowtext)
 *(.lowtext*)
                0x000001fc                __ctors_start = .
 *(.ctors)
                0x000001fc                __ctors_end = .
                0x000001fc                __dtors_start = .
 *(.dtors)
                0x000001fc                __dtors_end = .
 SORT(*)(.ctors)
 SORT(*)(.dtors)
 *(.init0)
 .init0         0x000001fc        0x0 D:/programs/AtmelStudio/7.0/Packs/atmel/XMEGAA_DFP/1.1.68/gcc/dev/atxmega128a4u/avrxmega7/crtatxmega128a4u.o
                0x000001fc                __init
 *(.init0)
 *(.init1)
 *(.init1)
 *(.init2)
 .init2         0x000001fc       0x18 D:/programs/AtmelStudio/7.0/Packs/atmel/XMEGAA_DFP/1.1.68/gcc/dev/atxmega128a4u/avrxmega7/crtatxmega128a4u.o
 *(.init2)
 *(.init3)
 *(.init3)
 *(.init4)
 .init4         0x00000214       0x1c d:/programs/atmelstudio/7.0/toolchain/avr8/avr8-gnu-toolchain/bin/../lib/gcc/avr/5.4.0/avrxmega7\libgcc.a(_copy_data.o)
                0x00000214                __do_copy_data
 .init4         0x00000230       0x10 d:/programs/atmelstudio/7.0/toolchain/avr8/avr8-gnu-toolchain/bin/../lib/gcc/avr/5.4.0/avrxmega7\libgcc.a(_clear_bss.o)
                0x00000230                __do_clear_bss
 *(.init4)
 *(.init5)
 *(.init5)
 *(.init6)
 *(.init6)
 *(.init7)
 *(.init7)
 *(.init8)
 *(.init8)
 *(.init9)
 .init9         0x00000240        0x8 D:/programs/AtmelStudio/7.0/Packs/atmel/XMEGAA_DFP/1.1.68/gcc/dev/atxmega128a4u/avrxmega7/crtatxmega128a4u.o
 *(.init9)
 *(.text)
 .text          0x00000248        0x2 D:/programs/AtmelStudio/7.0/Packs/atmel/XMEGAA_DFP/1.1.68/gcc/dev/atxmega128a4u/avrxmega7/crtatxmega128a4u.o
                0x00000248                __vector_38
                0x00000248                __vector_104
                0x00000248                __vector_63
                0x00000248                __vector_28
                0x00000248                __vector_67
                0x00000248                __vector_1
                0x00000248                __vector_119
                0x00000248                __vector_32
                0x00000248                __vector_75
                0x00000248                __vector_91
                0x00000248                __vector_34
                0x00000248                __vector_62
                0x00000248                __vector_102
                0x00000248                __vector_24
                0x00000248                __vector_12
                0x00000248                __vector_55
                0x00000248                __vector_69
                0x00000248                __vector_90
                0x00000248                __bad_interrupt
                0x00000248                __vector_122
                0x00000248                __vector_114
                0x00000248                __vector_6
                0x00000248                __vector_110
                0x00000248                __vector_31
                0x00000248                __vector_92
                0x00000248                __vector_35
                0x00000248                __vector_117
                0x00000248                __vector_39
                0x00000248                __vector_107
                0x00000248                __vector_3
                0x00000248                __vector_105
                0x00000248                __vector_98
                0x00000248                __vector_68
                0x00000248                __vector_30
                0x00000248                __vector_45
                0x00000248                __vector_25
                0x00000248                __vector_93
                0x00000248                __vector_61
                0x00000248                __vector_54
                0x00000248                __vector_99
                0x00000248                __vector_56
                0x00000248                __vector_7
                0x00000248                __vector_125
                0x00000248                __vector_123
                0x00000248                __vector_41
                0x00000248                __vector_100
                0x00000248                __vector_101
                0x00000248                __vector_64
                0x00000248                __vector_88
                0x00000248                __vector_109
                0x00000248                __vector_43
                0x00000248                __vector_27
                0x00000248                __vector_5
                0x00000248                __vector_113
                0x00000248                __vector_33
                0x00000248                __vector_76
                0x00000248                __vector_115
                0x00000248                __vector_37
                0x00000248                __vector_95
                0x00000248                __vector_103
                0x00000248                __vector_96
                0x00000248                __vector_89
                0x00000248                __vector_108
                0x00000248                __vector_4
                0x00000248                __vector_44
                0x00000248                __vector_106
                0x00000248                __vector_118
                0x00000248                __vector_9
                0x00000248                __vector_2
                0x00000248                __vector_66
                0x00000248                __vector_36
                0x00000248                __vector_58
                0x00000248                __vector_70
                0x00000248                __vector_29
                0x00000248                __vector_60
                0x00000248                __vector_121
                0x00000248                __vector_40
                0x00000248                __vector_94
                0x00000248                __vector_126
                0x00000248                __vector_8
                0x00000248                __vector_26
                0x00000248                __vector_124
                0x00000248                __vector_116
                0x00000248                __vector_112
                0x00000248                __vector_111
                0x00000248                __vector_57
                0x00000248                __vector_53
                0x00000248                __vector_59
                0x00000248                __vector_97
                0x00000248                __vector_42
                0x00000248                __vector_87
                0x00000248                __vector_65
                0x00000248                __vector_120
                0x0000024a                . = ALIGN (0x2)
 *(.text.*)
 .text.sysclk_init
                0x0000024a       0x20 src/ASF/common/services/clock/xmega/sysclk.o
                0x0000024a                sysclk_init
 .text.sysclk_enable_module
                0x0000026a       0x2c src/ASF/common/services/clock/xmega/sysclk.o
                0x0000026a                sysclk_enable_module
 .text.__vector_71
                0x00000296       0x7a src/ASF/xmega/drivers/adc/xmega_aau/adc_aau.o
                0x00000296                __vector_71
 .text.__vector_72
                0x00000310       0x7a src/ASF/xmega/drivers/adc/xmega_aau/adc_aau.o
                0x00000310                __vector_72
 .text.__vector_73
                0x0000038a       0x7a src/ASF/xmega/drivers/adc/xmega_aau/adc_aau.o
                0x0000038a                __vector_73
 .text.__vector_74
                0x00000404       0x7a src/ASF/xmega/drivers/adc/xmega_aau/adc_aau.o
                0x00000404                __vector_74
 .text.__vector_10
                0x0000047e       0x46 src/ASF/xmega/drivers/rtc/rtc.o
                0x0000047e                __vector_10
 .text.__vector_11
                0x000004c4      0x108 src/ASF/xmega/drivers/rtc/rtc.o
                0x000004c4                __vector_11
 .text.__vector_14
                0x000005cc       0x70 src/ASF/xmega/drivers/tc/tc.o
                0x000005cc                __vector_14
 .text.__vector_15
                0x0000063c       0x70 src/ASF/xmega/drivers/tc/tc.o
                0x0000063c                __vector_15
 .text.__vector_16
                0x000006ac       0x70 src/ASF/xmega/drivers/tc/tc.o
                0x000006ac                __vector_16
 .text.__vector_17
                0x0000071c       0x70 src/ASF/xmega/drivers/tc/tc.o
                0x0000071c                __vector_17
 .text.__vector_18
                0x0000078c       0x70 src/ASF/xmega/drivers/tc/tc.o
                0x0000078c                __vector_18
 .text.__vector_19
                0x000007fc       0x70 src/ASF/xmega/drivers/tc/tc.o
                0x000007fc                __vector_19
 .text.__vector_20
                0x0000086c       0x70 src/ASF/xmega/drivers/tc/tc.o
                0x0000086c                __vector_20
 .text.__vector_21
                0x000008dc       0x70 src/ASF/xmega/drivers/tc/tc.o
                0x000008dc                __vector_21
 .text.__vector_22
                0x0000094c       0x70 src/ASF/xmega/drivers/tc/tc.o
                0x0000094c                __vector_22
 .text.__vector_23
                0x000009bc       0x70 src/ASF/xmega/drivers/tc/tc.o
                0x000009bc                __vector_23
 .text.__vector_77
                0x00000a2c       0x70 src/ASF/xmega/drivers/tc/tc.o
                0x00000a2c                __vector_77
 .text.__vector_78
                0x00000a9c       0x70 src/ASF/xmega/drivers/tc/tc.o
                0x00000a9c                __vector_78
 .text.__vector_79
                0x00000b0c       0x70 src/ASF/xmega/drivers/tc/tc.o
                0x00000b0c                __vector_79
 .text.__vector_80
                0x00000b7c       0x70 src/ASF/xmega/drivers/tc/tc.o
                0x00000b7c                __vector_80
 .text.__vector_81
                0x00000bec       0x70 src/ASF/xmega/drivers/tc/tc.o
                0x00000bec                __vector_81
 .text.__vector_82
                0x00000c5c       0x70 src/ASF/xmega/drivers/tc/tc.o
                0x00000c5c                __vector_82
 .text.__vector_83
                0x00000ccc       0x70 src/ASF/xmega/drivers/tc/tc.o
                0x00000ccc                __vector_83
 .text.__vector_84
                0x00000d3c       0x70 src/ASF/xmega/drivers/tc/tc.o
                0x00000d3c                __vector_84
 .text.__vector_85
                0x00000dac       0x70 src/ASF/xmega/drivers/tc/tc.o
                0x00000dac                __vector_85
 .text.__vector_86
                0x00000e1c       0x70 src/ASF/xmega/drivers/tc/tc.o
                0x00000e1c                __vector_86
 .text.__vector_47
                0x00000e8c       0x70 src/ASF/xmega/drivers/tc/tc.o
                0x00000e8c                __vector_47
 .text.__vector_48
                0x00000efc       0x70 src/ASF/xmega/drivers/tc/tc.o
                0x00000efc                __vector_48
 .text.__vector_49
                0x00000f6c       0x70 src/ASF/xmega/drivers/tc/tc.o
                0x00000f6c                __vector_49
 .text.__vector_50
                0x00000fdc       0x70 src/ASF/xmega/drivers/tc/tc.o
                0x00000fdc                __vector_50
 .text.__vector_51
                0x0000104c       0x70 src/ASF/xmega/drivers/tc/tc.o
                0x0000104c                __vector_51
 .text.__vector_52
                0x000010bc       0x70 src/ASF/xmega/drivers/tc/tc.o
                0x000010bc                __vector_52
 .text.twim_interrupt_handler
                0x0000112c      0x12e src/ASF/xmega/drivers/twi/twim.o
 .text.__vector_13
                0x0000125a       0x64 src/ASF/xmega/drivers/twi/twim.o
                0x0000125a                __vector_13
 .text.__vector_46
                0x000012be       0x64 src/ASF/xmega/drivers/twi/twim.o
                0x000012be                __vector_46
 .text.sysclk_enable_peripheral_clock
                0x00001322      0x1b2 src/main.o
 .text.main     0x000014d4       0x3c src/main.o
                0x000014d4                main
                0x00001510                . = ALIGN (0x2)
 *(.fini9)
 .fini9         0x00001510        0x0 d:/programs/atmelstudio/7.0/toolchain/avr8/avr8-gnu-toolchain/bin/../lib/gcc/avr/5.4.0/avrxmega7\libgcc.a(_exit.o)
                0x00001510                _exit
                0x00001510                exit
 *(.fini9)
 *(.fini8)
 *(.fini8)
 *(.fini7)
 *(.fini7)
 *(.fini6)
 *(.fini6)
 *(.fini5)
 *(.fini5)
 *(.fini4)
 *(.fini4)
 *(.fini3)
 *(.fini3)
 *(.fini2)
 *(.fini2)
 *(.fini1)
 *(.fini1)
 *(.fini0)
 .fini0         0x00001510        0x4 d:/programs/atmelstudio/7.0/toolchain/avr8/avr8-gnu-toolchain/bin/../lib/gcc/avr/5.4.0/avrxmega7\libgcc.a(_exit.o)
 *(.fini0)
                0x00001514                _etext = .

.data           0x00802000        0x0 load address 0x00001514
                0x00802000                PROVIDE (__data_start, .)
 *(.data)
 *(.data*)
 *(.gnu.linkonce.d*)
 *(.rodata)
 *(.rodata*)
 *(.gnu.linkonce.r*)
                0x00802000                . = ALIGN (0x2)
                0x00802000                _edata = .
                0x00802000                PROVIDE (__data_end, .)

.bss            0x00802000       0x49
                0x00802000                PROVIDE (__bss_start, .)
 *(.bss)
 *(.bss*)
 .bss.tc_tce0_ccd_callback
                0x00802000        0x2 src/ASF/xmega/drivers/tc/tc.o
 .bss.tc_tce0_ccc_callback
                0x00802002        0x2 src/ASF/xmega/drivers/tc/tc.o
 .bss.tc_tce0_ccb_callback
                0x00802004        0x2 src/ASF/xmega/drivers/tc/tc.o
 .bss.tc_tce0_cca_callback
                0x00802006        0x2 src/ASF/xmega/drivers/tc/tc.o
 .bss.tc_tce0_err_callback
                0x00802008        0x2 src/ASF/xmega/drivers/tc/tc.o
 .bss.tc_tce0_ovf_callback
                0x0080200a        0x2 src/ASF/xmega/drivers/tc/tc.o
 .bss.tc_tcd1_ccb_callback
                0x0080200c        0x2 src/ASF/xmega/drivers/tc/tc.o
 .bss.tc_tcd1_cca_callback
                0x0080200e        0x2 src/ASF/xmega/drivers/tc/tc.o
 .bss.tc_tcd1_err_callback
                0x00802010        0x2 src/ASF/xmega/drivers/tc/tc.o
 .bss.tc_tcd1_ovf_callback
                0x00802012        0x2 src/ASF/xmega/drivers/tc/tc.o
 .bss.tc_tcd0_ccd_callback
                0x00802014        0x2 src/ASF/xmega/drivers/tc/tc.o
 .bss.tc_tcd0_ccc_callback
                0x00802016        0x2 src/ASF/xmega/drivers/tc/tc.o
 .bss.tc_tcd0_ccb_callback
                0x00802018        0x2 src/ASF/xmega/drivers/tc/tc.o
 .bss.tc_tcd0_cca_callback
                0x0080201a        0x2 src/ASF/xmega/drivers/tc/tc.o
 .bss.tc_tcd0_err_callback
                0x0080201c        0x2 src/ASF/xmega/drivers/tc/tc.o
 .bss.tc_tcd0_ovf_callback
                0x0080201e        0x2 src/ASF/xmega/drivers/tc/tc.o
 .bss.tc_tcc1_ccb_callback
                0x00802020        0x2 src/ASF/xmega/drivers/tc/tc.o
 .bss.tc_tcc1_cca_callback
                0x00802022        0x2 src/ASF/xmega/drivers/tc/tc.o
 .bss.tc_tcc1_err_callback
                0x00802024        0x2 src/ASF/xmega/drivers/tc/tc.o
 .bss.tc_tcc1_ovf_callback
                0x00802026        0x2 src/ASF/xmega/drivers/tc/tc.o
 .bss.tc_tcc0_ccd_callback
                0x00802028        0x2 src/ASF/xmega/drivers/tc/tc.o
 .bss.tc_tcc0_ccc_callback
                0x0080202a        0x2 src/ASF/xmega/drivers/tc/tc.o
 .bss.tc_tcc0_ccb_callback
                0x0080202c        0x2 src/ASF/xmega/drivers/tc/tc.o
 .bss.tc_tcc0_cca_callback
                0x0080202e        0x2 src/ASF/xmega/drivers/tc/tc.o
 .bss.tc_tcc0_err_callback
                0x00802030        0x2 src/ASF/xmega/drivers/tc/tc.o
 .bss.tc_tcc0_ovf_callback
                0x00802032        0x2 src/ASF/xmega/drivers/tc/tc.o
 .bss.transfer  0x00802034        0xb src/ASF/xmega/drivers/twi/twim.o
 *(COMMON)
 COMMON         0x0080203f        0x2 src/ASF/xmega/drivers/adc/adc.o
                0x0080203f                adca_callback
 COMMON         0x00802041        0x8 src/ASF/xmega/drivers/rtc/rtc.o
                0x00802041                rtc_data
                0x00802049                PROVIDE (__bss_end, .)
                0x00001514                __data_load_start = LOADADDR (.data)
                0x00001514                __data_load_end = (__data_load_start + SIZEOF (.data))

.noinit         0x00802049        0x0
                [!provide]                PROVIDE (__noinit_start, .)
 *(.noinit*)
                [!provide]                PROVIDE (__noinit_end, .)
                0x00802049                _end = .
                [!provide]                PROVIDE (__heap_start, .)

.eeprom         0x00810000        0x0
 *(.eeprom*)
                0x00810000                __eeprom_end = .

.fuse
 *(.fuse)
 *(.lfuse)
 *(.hfuse)
 *(.efuse)

.lock
 *(.lock*)

.signature
 *(.signature*)

.user_signatures
 *(.user_signatures*)

.stab
 *(.stab)

.stabstr
 *(.stabstr)

.stab.excl
 *(.stab.excl)

.stab.exclstr
 *(.stab.exclstr)

.stab.index
 *(.stab.index)

.stab.indexstr
 *(.stab.indexstr)

.comment        0x00000000       0x30
 *(.comment)
 .comment       0x00000000       0x30 src/ASF/common/services/clock/xmega/sysclk.o
                                 0x31 (size before relaxing)
 .comment       0x00000030       0x31 src/ASF/xmega/drivers/adc/adc.o
 .comment       0x00000030       0x31 src/ASF/xmega/drivers/adc/xmega_aau/adc_aau.o
 .comment       0x00000030       0x31 src/ASF/xmega/drivers/rtc/rtc.o
 .comment       0x00000030       0x31 src/ASF/xmega/drivers/tc/tc.o
 .comment       0x00000030       0x31 src/ASF/xmega/drivers/twi/twim.o
 .comment       0x00000030       0x31 src/main.o

.note.gnu.avr.deviceinfo
                0x00000000       0x40
 .note.gnu.avr.deviceinfo
                0x00000000       0x40 D:/programs/AtmelStudio/7.0/Packs/atmel/XMEGAA_DFP/1.1.68/gcc/dev/atxmega128a4u/avrxmega7/crtatxmega128a4u.o

.note.gnu.build-id
 *(.note.gnu.build-id)

.debug
 *(.debug)

.line
 *(.line)

.debug_srcinfo
 *(.debug_srcinfo)

.debug_sfnames
 *(.debug_sfnames)

.debug_aranges  0x00000000      0x2c8
 *(.debug_aranges)
 .debug_aranges
                0x00000000       0x40 src/ASF/common/services/clock/xmega/sysclk.o
 .debug_aranges
                0x00000040       0x48 src/ASF/xmega/drivers/adc/adc.o
 .debug_aranges
                0x00000088       0x58 src/ASF/xmega/drivers/adc/xmega_aau/adc_aau.o
 .debug_aranges
                0x000000e0       0x58 src/ASF/xmega/drivers/rtc/rtc.o
 .debug_aranges
                0x00000138      0x128 src/ASF/xmega/drivers/tc/tc.o
 .debug_aranges
                0x00000260       0x40 src/ASF/xmega/drivers/twi/twim.o
 .debug_aranges
                0x000002a0       0x28 src/main.o

.debug_pubnames
 *(.debug_pubnames)

.debug_info     0x00000000     0x8cf5
 *(.debug_info .gnu.linkonce.wi.*)
 .debug_info    0x00000000     0x284f D:/programs/AtmelStudio/7.0/Packs/atmel/XMEGAA_DFP/1.1.68/gcc/dev/atxmega128a4u/avrxmega7/crtatxmega128a4u.o
 .debug_info    0x0000284f      0x713 src/ASF/common/services/clock/xmega/sysclk.o
 .debug_info    0x00002f62      0xa40 src/ASF/xmega/drivers/adc/adc.o
 .debug_info    0x000039a2      0xd2d src/ASF/xmega/drivers/adc/xmega_aau/adc_aau.o
 .debug_info    0x000046cf      0x715 src/ASF/xmega/drivers/rtc/rtc.o
 .debug_info    0x00004de4     0x16db src/ASF/xmega/drivers/tc/tc.o
 .debug_info    0x000064bf      0x90b src/ASF/xmega/drivers/twi/twim.o
 .debug_info    0x00006dca     0x1f2b src/main.o

.debug_abbrev   0x00000000     0x38aa
 *(.debug_abbrev)
 .debug_abbrev  0x00000000     0x262c D:/programs/AtmelStudio/7.0/Packs/atmel/XMEGAA_DFP/1.1.68/gcc/dev/atxmega128a4u/avrxmega7/crtatxmega128a4u.o
 .debug_abbrev  0x0000262c      0x218 src/ASF/common/services/clock/xmega/sysclk.o
 .debug_abbrev  0x00002844      0x2c5 src/ASF/xmega/drivers/adc/adc.o
 .debug_abbrev  0x00002b09      0x320 src/ASF/xmega/drivers/adc/xmega_aau/adc_aau.o
 .debug_abbrev  0x00002e29      0x2ee src/ASF/xmega/drivers/rtc/rtc.o
 .debug_abbrev  0x00003117      0x29b src/ASF/xmega/drivers/tc/tc.o
 .debug_abbrev  0x000033b2      0x2e9 src/ASF/xmega/drivers/twi/twim.o
 .debug_abbrev  0x0000369b      0x20f src/main.o

.debug_line     0x00000000     0x3dd5
 *(.debug_line .debug_line.* .debug_line_end)
 .debug_line    0x00000000      0x3b5 D:/programs/AtmelStudio/7.0/Packs/atmel/XMEGAA_DFP/1.1.68/gcc/dev/atxmega128a4u/avrxmega7/crtatxmega128a4u.o
 .debug_line    0x000003b5      0x5fe src/ASF/common/services/clock/xmega/sysclk.o
 .debug_line    0x000009b3      0x757 src/ASF/xmega/drivers/adc/adc.o
 .debug_line    0x0000110a      0x8a2 src/ASF/xmega/drivers/adc/xmega_aau/adc_aau.o
 .debug_line    0x000019ac      0x79b src/ASF/xmega/drivers/rtc/rtc.o
 .debug_line    0x00002147      0xc82 src/ASF/xmega/drivers/tc/tc.o
 .debug_line    0x00002dc9      0x5f5 src/ASF/xmega/drivers/twi/twim.o
 .debug_line    0x000033be      0xa17 src/main.o

.debug_frame    0x00000000     0x1010
 *(.debug_frame)
 .debug_frame   0x00000000       0x94 src/ASF/common/services/clock/xmega/sysclk.o
 .debug_frame   0x00000094       0xbc src/ASF/xmega/drivers/adc/adc.o
 .debug_frame   0x00000150      0x284 src/ASF/xmega/drivers/adc/xmega_aau/adc_aau.o
 .debug_frame   0x000003d4      0x144 src/ASF/xmega/drivers/rtc/rtc.o
 .debug_frame   0x00000518      0x9b4 src/ASF/xmega/drivers/tc/tc.o
 .debug_frame   0x00000ecc      0x110 src/ASF/xmega/drivers/twi/twim.o
 .debug_frame   0x00000fdc       0x34 src/main.o

.debug_str      0x00000000    0x2bb9e
 *(.debug_str)
 .debug_str     0x00000000     0x1aa8 D:/programs/AtmelStudio/7.0/Packs/atmel/XMEGAA_DFP/1.1.68/gcc/dev/atxmega128a4u/avrxmega7/crtatxmega128a4u.o
 .debug_str     0x00001aa8    0x26dca src/ASF/common/services/clock/xmega/sysclk.o
                              0x27596 (size before relaxing)
 .debug_str     0x00028872      0xd7a src/ASF/xmega/drivers/adc/adc.o
                              0x27f89 (size before relaxing)
 .debug_str     0x000295ec      0x598 src/ASF/xmega/drivers/adc/xmega_aau/adc_aau.o
                              0x281fe (size before relaxing)
 .debug_str     0x00029b84      0x3b2 src/ASF/xmega/drivers/rtc/rtc.o
                              0x27979 (size before relaxing)
 .debug_str     0x00029f36      0x815 src/ASF/xmega/drivers/tc/tc.o
                              0x27e1c (size before relaxing)
 .debug_str     0x0002a74b      0x56e src/ASF/xmega/drivers/twi/twim.o
                              0x264cf (size before relaxing)
 .debug_str     0x0002acb9      0xee5 src/main.o
                              0x290e8 (size before relaxing)

.debug_loc      0x00000000     0x2f24
 *(.debug_loc)
 .debug_loc     0x00000000      0x2c5 src/ASF/common/services/clock/xmega/sysclk.o
 .debug_loc     0x000002c5      0x25b src/ASF/xmega/drivers/adc/adc.o
 .debug_loc     0x00000520      0x993 src/ASF/xmega/drivers/adc/xmega_aau/adc_aau.o
 .debug_loc     0x00000eb3      0x2dd src/ASF/xmega/drivers/rtc/rtc.o
 .debug_loc     0x00001190     0x1608 src/ASF/xmega/drivers/tc/tc.o
 .debug_loc     0x00002798      0x4b4 src/ASF/xmega/drivers/twi/twim.o
 .debug_loc     0x00002c4c      0x2d8 src/main.o

.debug_macinfo
 *(.debug_macinfo)

.debug_weaknames
 *(.debug_weaknames)

.debug_funcnames
 *(.debug_funcnames)

.debug_typenames
 *(.debug_typenames)

.debug_varnames
 *(.debug_varnames)

.debug_pubtypes
 *(.debug_pubtypes)

.debug_ranges   0x00000000      0x288
 *(.debug_ranges)
 .debug_ranges  0x00000000       0x30 src/ASF/common/services/clock/xmega/sysclk.o
 .debug_ranges  0x00000030       0x38 src/ASF/xmega/drivers/adc/adc.o
 .debug_ranges  0x00000068       0x48 src/ASF/xmega/drivers/adc/xmega_aau/adc_aau.o
 .debug_ranges  0x000000b0       0x48 src/ASF/xmega/drivers/rtc/rtc.o
 .debug_ranges  0x000000f8      0x118 src/ASF/xmega/drivers/tc/tc.o
 .debug_ranges  0x00000210       0x60 src/ASF/xmega/drivers/twi/twim.o
 .debug_ranges  0x00000270       0x18 src/main.o

.debug_macro    0x00000000     0x1304
 *(.debug_macro)
 .debug_macro   0x00000000      0x1e6 src/ASF/common/services/clock/xmega/sysclk.o
 .debug_macro   0x000001e6       0x26 src/ASF/common/services/clock/xmega/sysclk.o
 .debug_macro   0x0000020c      0x23a src/ASF/xmega/drivers/adc/adc.o
 .debug_macro   0x00000446      0x23a src/ASF/xmega/drivers/adc/xmega_aau/adc_aau.o
 .debug_macro   0x00000680      0x232 src/ASF/xmega/drivers/rtc/rtc.o
 .debug_macro   0x000008b2      0x230 src/ASF/xmega/drivers/tc/tc.o
 .debug_macro   0x00000ae2      0x302 src/ASF/xmega/drivers/tc/tc.o
 .debug_macro   0x00000de4       0x12 src/ASF/xmega/drivers/tc/tc.o
 .debug_macro   0x00000df6      0x198 src/ASF/xmega/drivers/twi/twim.o
 .debug_macro   0x00000f8e      0x342 src/main.o
 .debug_macro   0x000012d0       0x34 src/main.o
OUTPUT(Science_Payload_2019_v0.elf elf32-avr)
LOAD linker stubs
